../Core/Src/Final_model.c:107:15:rtGetNaN	32	static
../Core/Src/Final_model.c:131:17:rtGetNaNF	16	static
../Core/Src/Final_model.c:143:13:rt_InitInfAndNaN	16	static
../Core/Src/Final_model.c:155:18:rtIsInf	16	static
../Core/Src/Final_model.c:161:18:rtIsInfF	16	static
../Core/Src/Final_model.c:167:18:rtIsNaN	32	static
../Core/Src/Final_model.c:189:18:rtIsNaNF	24	static
../Core/Src/Final_model.c:201:15:rtGetInf	32	static
../Core/Src/Final_model.c:225:17:rtGetInfF	16	static
../Core/Src/Final_model.c:236:15:rtGetMinusInf	32	static
../Core/Src/Final_model.c:260:17:rtGetMinusInfF	16	static
../Core/Src/Final_model.c:267:15:look1_pbinlc	72	static
../Core/Src/Final_model.c:331:16:div_nde_s32_floor	16	static
../Core/Src/Final_model.c:338:15:xnrm2_f	80	static
../Core/Src/Final_model.c:373:8:rt_hypotd_snf	56	static
../Core/Src/Final_model.c:396:13:xgemv	56	static
../Core/Src/Final_model.c:424:13:xgerc	80	static
../Core/Src/Final_model.c:450:13:qr	192	static
../Core/Src/Final_model.c:626:13:rotate	112	static
../Core/Src/Final_model.c:657:15:xnrm2	80	static
../Core/Src/Final_model.c:693:6:Final_model_step	992	static
../Core/Src/Final_model.c:1291:6:Final_model_initialize	16	static
