../Core/Src/main.c:301:5:main	8	static
../Core/Src/main.c:365:6:SystemClock_Config	88	static
../Core/Src/main.c:407:13:MX_ADC1_Init	24	static
../Core/Src/main.c:459:13:MX_ADC3_Init	24	static
../Core/Src/main.c:511:13:MX_CAN1_Init	8	static
../Core/Src/main.c:548:13:MX_CAN2_Init	8	static
../Core/Src/main.c:585:13:MX_TIM2_Init	32	static
../Core/Src/main.c:630:13:MX_TIM3_Init	32	static
../Core/Src/main.c:675:13:MX_TIM4_Init	32	static
../Core/Src/main.c:720:13:MX_TIM6_Init	16	static
../Core/Src/main.c:758:13:MX_TIM7_Init	16	static
../Core/Src/main.c:796:13:MX_UART7_Init	8	static
../Core/Src/main.c:829:13:MX_GPIO_Init	56	static
../Core/Src/main.c:871:6:CANStart	48	static
../Core/Src/main.c:913:19:CAN_Transmit	16	static
../Core/Src/main.c:951:6:HAL_TIM_PeriodElapsedCallback	96	static
../Core/Src/main.c:1304:6:HAL_CAN_RxFifo0MsgPendingCallback	64	static
../Core/Src/main.c:1455:6:CheckErrors	24	static
../Core/Src/main.c:1630:6:Charger_CANTransmit	56	static
../Core/Src/main.c:1645:10:ADC_Read	40	static
../Core/Src/main.c:1660:10:swap_endianness_uint32	16	static
../Core/Src/main.c:1669:6:eq_CAN1_Tx	32	static
../Core/Src/main.c:1684:6:eq_CAN2_Tx	32	static
../Core/Src/main.c:1701:6:CAN_Tx	56	static
../Core/Src/main.c:1718:6:dq_CAN1_Tx	16	static
../Core/Src/main.c:1734:6:dq_CAN2_Tx	16	static
../Core/Src/main.c:1757:6:Error_Handler	4	static,ignoring_inline_asm
