Archive member included to satisfy reference by file (symbol)

D:/STM32CubeIDE_1.15.1/STM32CubeIDE/plugins/com.st.stm32cube.ide.mcu.externaltools.gnu-tools-for-stm32.12.3.rel1.win32_1.0.100.202403111256/tools/bin/../lib/gcc/arm-none-eabi/12.3.1/../../../../arm-none-eabi/lib/thumb/v7e-m+fp/hard\libc_nano.a(libc_a-exit.o)
                              D:/STM32CubeIDE_1.15.1/STM32CubeIDE/plugins/com.st.stm32cube.ide.mcu.externaltools.gnu-tools-for-stm32.12.3.rel1.win32_1.0.100.202403111256/tools/bin/../lib/gcc/arm-none-eabi/12.3.1/../../../../arm-none-eabi/lib/thumb/v7e-m+fp/hard/crt0.o (exit)
D:/STM32CubeIDE_1.15.1/STM32CubeIDE/plugins/com.st.stm32cube.ide.mcu.externaltools.gnu-tools-for-stm32.12.3.rel1.win32_1.0.100.202403111256/tools/bin/../lib/gcc/arm-none-eabi/12.3.1/../../../../arm-none-eabi/lib/thumb/v7e-m+fp/hard\libc_nano.a(libc_a-findfp.o)
                              D:/STM32CubeIDE_1.15.1/STM32CubeIDE/plugins/com.st.stm32cube.ide.mcu.externaltools.gnu-tools-for-stm32.12.3.rel1.win32_1.0.100.202403111256/tools/bin/../lib/gcc/arm-none-eabi/12.3.1/../../../../arm-none-eabi/lib/thumb/v7e-m+fp/hard\libc_nano.a(libc_a-exit.o) (__stdio_exit_handler)
D:/STM32CubeIDE_1.15.1/STM32CubeIDE/plugins/com.st.stm32cube.ide.mcu.externaltools.gnu-tools-for-stm32.12.3.rel1.win32_1.0.100.202403111256/tools/bin/../lib/gcc/arm-none-eabi/12.3.1/../../../../arm-none-eabi/lib/thumb/v7e-m+fp/hard\libc_nano.a(libc_a-fwalk.o)
                              D:/STM32CubeIDE_1.15.1/STM32CubeIDE/plugins/com.st.stm32cube.ide.mcu.externaltools.gnu-tools-for-stm32.12.3.rel1.win32_1.0.100.202403111256/tools/bin/../lib/gcc/arm-none-eabi/12.3.1/../../../../arm-none-eabi/lib/thumb/v7e-m+fp/hard\libc_nano.a(libc_a-findfp.o) (_fwalk_sglue)
D:/STM32CubeIDE_1.15.1/STM32CubeIDE/plugins/com.st.stm32cube.ide.mcu.externaltools.gnu-tools-for-stm32.12.3.rel1.win32_1.0.100.202403111256/tools/bin/../lib/gcc/arm-none-eabi/12.3.1/../../../../arm-none-eabi/lib/thumb/v7e-m+fp/hard\libc_nano.a(libc_a-stdio.o)
                              D:/STM32CubeIDE_1.15.1/STM32CubeIDE/plugins/com.st.stm32cube.ide.mcu.externaltools.gnu-tools-for-stm32.12.3.rel1.win32_1.0.100.202403111256/tools/bin/../lib/gcc/arm-none-eabi/12.3.1/../../../../arm-none-eabi/lib/thumb/v7e-m+fp/hard\libc_nano.a(libc_a-findfp.o) (__sread)
D:/STM32CubeIDE_1.15.1/STM32CubeIDE/plugins/com.st.stm32cube.ide.mcu.externaltools.gnu-tools-for-stm32.12.3.rel1.win32_1.0.100.202403111256/tools/bin/../lib/gcc/arm-none-eabi/12.3.1/../../../../arm-none-eabi/lib/thumb/v7e-m+fp/hard\libc_nano.a(libc_a-memset.o)
                              D:/STM32CubeIDE_1.15.1/STM32CubeIDE/plugins/com.st.stm32cube.ide.mcu.externaltools.gnu-tools-for-stm32.12.3.rel1.win32_1.0.100.202403111256/tools/bin/../lib/gcc/arm-none-eabi/12.3.1/../../../../arm-none-eabi/lib/thumb/v7e-m+fp/hard/crt0.o (memset)
D:/STM32CubeIDE_1.15.1/STM32CubeIDE/plugins/com.st.stm32cube.ide.mcu.externaltools.gnu-tools-for-stm32.12.3.rel1.win32_1.0.100.202403111256/tools/bin/../lib/gcc/arm-none-eabi/12.3.1/../../../../arm-none-eabi/lib/thumb/v7e-m+fp/hard\libc_nano.a(libc_a-closer.o)
                              D:/STM32CubeIDE_1.15.1/STM32CubeIDE/plugins/com.st.stm32cube.ide.mcu.externaltools.gnu-tools-for-stm32.12.3.rel1.win32_1.0.100.202403111256/tools/bin/../lib/gcc/arm-none-eabi/12.3.1/../../../../arm-none-eabi/lib/thumb/v7e-m+fp/hard\libc_nano.a(libc_a-stdio.o) (_close_r)
D:/STM32CubeIDE_1.15.1/STM32CubeIDE/plugins/com.st.stm32cube.ide.mcu.externaltools.gnu-tools-for-stm32.12.3.rel1.win32_1.0.100.202403111256/tools/bin/../lib/gcc/arm-none-eabi/12.3.1/../../../../arm-none-eabi/lib/thumb/v7e-m+fp/hard\libc_nano.a(libc_a-reent.o)
                              D:/STM32CubeIDE_1.15.1/STM32CubeIDE/plugins/com.st.stm32cube.ide.mcu.externaltools.gnu-tools-for-stm32.12.3.rel1.win32_1.0.100.202403111256/tools/bin/../lib/gcc/arm-none-eabi/12.3.1/../../../../arm-none-eabi/lib/thumb/v7e-m+fp/hard\libc_nano.a(libc_a-closer.o) (errno)
D:/STM32CubeIDE_1.15.1/STM32CubeIDE/plugins/com.st.stm32cube.ide.mcu.externaltools.gnu-tools-for-stm32.12.3.rel1.win32_1.0.100.202403111256/tools/bin/../lib/gcc/arm-none-eabi/12.3.1/../../../../arm-none-eabi/lib/thumb/v7e-m+fp/hard\libc_nano.a(libc_a-impure.o)
                              D:/STM32CubeIDE_1.15.1/STM32CubeIDE/plugins/com.st.stm32cube.ide.mcu.externaltools.gnu-tools-for-stm32.12.3.rel1.win32_1.0.100.202403111256/tools/bin/../lib/gcc/arm-none-eabi/12.3.1/../../../../arm-none-eabi/lib/thumb/v7e-m+fp/hard\libc_nano.a(libc_a-reent.o) (_impure_ptr)
D:/STM32CubeIDE_1.15.1/STM32CubeIDE/plugins/com.st.stm32cube.ide.mcu.externaltools.gnu-tools-for-stm32.12.3.rel1.win32_1.0.100.202403111256/tools/bin/../lib/gcc/arm-none-eabi/12.3.1/../../../../arm-none-eabi/lib/thumb/v7e-m+fp/hard\libc_nano.a(libc_a-lseekr.o)
[...]
Memory Configuration

Name             Origin             Length             Attributes
CCMRAM           0x10000000         0x00010000         xrw
RAM              0x20000000         0x00030000         xrw
FLASH            0x08000000         0x00200000         xr
*default*        0x00000000         0xffffffff

Linker script and memory map

LOAD D:/STM32CubeIDE_1.15.1/STM32CubeIDE/plugins/com.st.stm32cube.ide.mcu.externaltools.gnu-tools-for-stm32.12.3.rel1.win32_1.0.100.202403111256/tools/bin/../lib/gcc/arm-none-eabi/12.3.1/thumb/v7e-m+fp/hard/crti.o
LOAD D:/STM32CubeIDE_1.15.1/STM32CubeIDE/plugins/com.st.stm32cube.ide.mcu.externaltools.gnu-tools-for-stm32.12.3.rel1.win32_1.0.100.202403111256/tools/bin/../lib/gcc/arm-none-eabi/12.3.1/thumb/v7e-m+fp/hard/crtbegin.o
LOAD D:/STM32CubeIDE_1.15.1/STM32CubeIDE/plugins/com.st.stm32cube.ide.mcu.externaltools.gnu-tools-for-stm32.12.3.rel1.win32_1.0.100.202403111256/tools/bin/../lib/gcc/arm-none-eabi/12.3.1/../../../../arm-none-eabi/lib/thumb/v7e-m+fp/hard/crt0.o
LOAD ./Core/Src/Final_model.o
LOAD ./Core/Src/Final_model_data.o
LOAD ./Core/Src/main.o
LOAD ./Core/Src/stm32f4xx_hal_msp.o
LOAD ./Core/Src/stm32f4xx_it.o
LOAD ./Core/Src/syscalls.o
LOAD ./Core/Src/sysmem.o
LOAD ./Core/Src/system_stm32f4xx.o
LOAD ./Core/Startup/startup_stm32f429zitx.o
LOAD ./Drivers/STM32F4xx_HAL_Driver/Src/stm32f4xx_hal.o
LOAD ./Drivers/STM32F4xx_HAL_Driver/Src/stm32f4xx_hal_adc.o
LOAD ./Drivers/STM32F4xx_HAL_Driver/Src/stm32f4xx_hal_adc_ex.o
LOAD ./Drivers/STM32F4xx_HAL_Driver/Src/stm32f4xx_hal_can.o
LOAD ./Drivers/STM32F4xx_HAL_Driver/Src/stm32f4xx_hal_cortex.o
LOAD ./Drivers/STM32F4xx_HAL_Driver/Src/stm32f4xx_hal_dma.o
LOAD ./Drivers/STM32F4xx_HAL_Driver/Src/stm32f4xx_hal_dma_ex.o
LOAD ./Drivers/STM32F4xx_HAL_Driver/Src/stm32f4xx_hal_exti.o
LOAD ./Drivers/STM32F4xx_HAL_Driver/Src/stm32f4xx_hal_flash.o
LOAD ./Drivers/STM32F4xx_HAL_Driver/Src/stm32f4xx_hal_flash_ex.o
LOAD ./Drivers/STM32F4xx_HAL_Driver/Src/stm32f4xx_hal_flash_ramfunc.o
LOAD ./Drivers/STM32F4xx_HAL_Driver/Src/stm32f4xx_hal_gpio.o
LOAD ./Drivers/STM32F4xx_HAL_Driver/Src/stm32f4xx_hal_pwr.o
LOAD ./Drivers/STM32F4xx_HAL_Driver/Src/stm32f4xx_hal_pwr_ex.o
LOAD ./Drivers/STM32F4xx_HAL_Driver/Src/stm32f4xx_hal_rcc.o
LOAD ./Drivers/STM32F4xx_HAL_Driver/Src/stm32f4xx_hal_rcc_ex.o
LOAD ./Drivers/STM32F4xx_HAL_Driver/Src/stm32f4xx_hal_tim.o
LOAD ./Drivers/STM32F4xx_HAL_Driver/Src/stm32f4xx_hal_tim_ex.o
LOAD ./Drivers/STM32F4xx_HAL_Driver/Src/stm32f4xx_hal_uart.o
LOAD ./Drivers/STM32F4xx_HAL_Driver/Src/stm32f4xx_ll_adc.o
START GROUP
LOAD D:/STM32CubeIDE_1.15.1/STM32CubeIDE/plugins/com.st.stm32cube.ide.mcu.externaltools.gnu-tools-for-stm32.12.3.rel1.win32_1.0.100.202403111256/tools/bin/../lib/gcc/arm-none-eabi/12.3.1/../../../../arm-none-eabi/lib/thumb/v7e-m+fp/hard\libc_nano.a
LOAD D:/STM32CubeIDE_1.15.1/STM32CubeIDE/plugins/com.st.stm32cube.ide.mcu.externaltools.gnu-tools-for-stm32.12.3.rel1.win32_1.0.100.202403111256/tools/bin/../lib/gcc/arm-none-eabi/12.3.1/../../../../arm-none-eabi/lib/thumb/v7e-m+fp/hard\libm.a
END GROUP
START GROUP
LOAD D:/STM32CubeIDE_1.15.1/STM32CubeIDE/plugins/com.st.stm32cube.ide.mcu.externaltools.gnu-tools-for-stm32.12.3.rel1.win32_1.0.100.202403111256/tools/bin/../lib/gcc/arm-none-eabi/12.3.1/thumb/v7e-m+fp/hard\libgcc.a
LOAD D:/STM32CubeIDE_1.15.1/STM32CubeIDE/plugins/com.st.stm32cube.ide.mcu.externaltools.gnu-tools-for-stm32.12.3.rel1.win32_1.0.100.202403111256/tools/bin/../lib/gcc/arm-none-eabi/12.3.1/../../../../arm-none-eabi/lib/thumb/v7e-m+fp/hard\libc_nano.a
END GROUP
START GROUP
LOAD D:/STM32CubeIDE_1.15.1/STM32CubeIDE/plugins/com.st.stm32cube.ide.mcu.externaltools.gnu-tools-for-stm32.12.3.rel1.win32_1.0.100.202403111256/tools/bin/../lib/gcc/arm-none-eabi/12.3.1/thumb/v7e-m+fp/hard\libgcc.a
LOAD D:/STM32CubeIDE_1.15.1/STM32CubeIDE/plugins/com.st.stm32cube.ide.mcu.externaltools.gnu-tools-for-stm32.12.3.rel1.win32_1.0.100.202403111256/tools/bin/../lib/gcc/arm-none-eabi/12.3.1/../../../../arm-none-eabi/lib/thumb/v7e-m+fp/hard\libc_nano.a
LOAD D:/STM32CubeIDE_1.15.1/STM32CubeIDE/plugins/com.st.stm32cube.ide.mcu.externaltools.gnu-tools-for-stm32.12.3.rel1.win32_1.0.100.202403111256/tools/bin/../lib/gcc/arm-none-eabi/12.3.1/../../../../arm-none-eabi/lib/thumb/v7e-m+fp/hard\libnosys.a
END GROUP
START GROUP
LOAD D:/STM32CubeIDE_1.15.1/STM32CubeIDE/plugins/com.st.stm32cube.ide.mcu.externaltools.gnu-tools-for-stm32.12.3.rel1.win32_1.0.100.202403111256/tools/bin/../lib/gcc/arm-none-eabi/12.3.1/thumb/v7e-m+fp/hard\libgcc.a
LOAD D:/STM32CubeIDE_1.15.1/STM32CubeIDE/plugins/com.st.stm32cube.ide.mcu.externaltools.gnu-tools-for-stm32.12.3.rel1.win32_1.0.100.202403111256/tools/bin/../lib/gcc/arm-none-eabi/12.3.1/../../../../arm-none-eabi/lib/thumb/v7e-m+fp/hard\libc_nano.a
LOAD D:/STM32CubeIDE_1.15.1/STM32CubeIDE/plugins/com.st.stm32cube.ide.mcu.externaltools.gnu-tools-for-stm32.12.3.rel1.win32_1.0.100.202403111256/tools/bin/../lib/gcc/arm-none-eabi/12.3.1/../../../../arm-none-eabi/lib/thumb/v7e-m+fp/hard\libnosys.a
END GROUP
LOAD D:/STM32CubeIDE_1.15.1/STM32CubeIDE/plugins/com.st.stm32cube.ide.mcu.externaltools.gnu-tools-for-stm32.12.3.rel1.win32_1.0.100.202403111256/tools/bin/../lib/gcc/arm-none-eabi/12.3.1/thumb/v7e-m+fp/hard/crtend.o
LOAD D:/STM32CubeIDE_1.15.1/STM32CubeIDE/plugins/com.st.stm32cube.ide.mcu.externaltools.gnu-tools-for-stm32.12.3.rel1.win32_1.0.100.202403111256/tools/bin/../lib/gcc/arm-none-eabi/12.3.1/thumb/v7e-m+fp/hard/crtn.o
                0x20030000                        _estack = (ORIGIN (RAM) + LENGTH (RAM))
                0x00000200                        _Min_Heap_Size = 0x200
                0x00000400                        _Min_Stack_Size = 0x400

.isr_vector     0x08000000      0x1ac
                0x08000000                        . = ALIGN (0x4)
 *(.isr_vector)
 .isr_vector    0x08000000      0x1ac ./Core/Startup/startup_stm32f429zitx.o
                0x08000000                g_pfnVectors
                0x080001ac                        . = ALIGN (0x4)

.text           0x080001b0     0x5e58
                0x080001b0                        . = ALIGN (0x4)
 *(.text)
 .text          0x080001b0       0x40 D:/STM32CubeIDE_1.15.1/STM32CubeIDE/plugins/com.st.stm32cube.ide.mcu.externaltools.gnu-tools-for-stm32.12.3.rel1.win32_1.0.100.202403111256/tools/bin/../lib/gcc/arm-none-eabi/12.3.1/thumb/v7e-m+fp/hard/crtbegin.o
 .text          0x080001f0      0x378 D:/STM32CubeIDE_1.15.1/STM32CubeIDE/plugins/com.st.stm32cube.ide.mcu.externaltools.gnu-tools-for-stm32.12.3.rel1.win32_1.0.100.202403111256/tools/bin/../lib/gcc/arm-none-eabi/12.3.1/thumb/v7e-m+fp/hard\libgcc.a(_arm_addsubdf3.o)
                0x080001f0                __aeabi_drsub
                0x080001f8                __aeabi_dsub
                0x080001f8                __subdf3
                0x080001fc                __aeabi_dadd
                0x080001fc                __adddf3
                0x08000474                __floatunsidf
                0x08000474                __aeabi_ui2d
                0x08000494                __floatsidf
                0x08000494                __aeabi_i2d
                0x080004b8                __aeabi_f2d
                0x080004b8                __extendsfdf2
                0x080004fc                __floatundidf
                0x080004fc                __aeabi_ul2d
                0x0800050c                __floatdidf
                0x0800050c                __aeabi_l2d
 .text          0x08000568      0x110 D:/STM32CubeIDE_1.15.1/STM32CubeIDE/plugins/com.st.stm32cube.ide.mcu.externaltools.gnu-tools-for-stm32.12.3.rel1.win32_1.0.100.202403111256/tools/bin/../lib/gcc/arm-none-eabi/12.3.1/thumb/v7e-m+fp/hard\libgcc.a(_arm_cmpdf2.o)
                0x08000568                __gtdf2
                0x08000568                __gedf2
                0x08000570                __ltdf2
                0x08000570                __ledf2
                0x08000578                __nedf2
                0x08000578                __eqdf2
                0x08000578                __cmpdf2
                0x080005f4                __aeabi_cdrcmple
                0x08000604                __aeabi_cdcmpeq
                0x08000604                __aeabi_cdcmple
                0x08000614                __aeabi_dcmpeq
                0x08000628                __aeabi_dcmplt
                0x0800063c                __aeabi_dcmple
                0x08000650                __aeabi_dcmpge
                0x08000664                __aeabi_dcmpgt
 .text          0x08000678      0x21c D:/STM32CubeIDE_1.15.1/STM32CubeIDE/plugins/com.st.stm32cube.ide.mcu.externaltools.gnu-tools-for-stm32.12.3.rel1.win32_1.0.100.202403111256/tools/bin/../lib/gcc/arm-none-eabi/12.3.1/thumb/v7e-m+fp/hard\libgcc.a(_arm_addsubsf3.o)
                0x08000678                __aeabi_frsub
                0x08000680                __subsf3
                0x08000680                __aeabi_fsub
                0x08000684                __aeabi_fadd
                0x08000684                __addsf3
                0x080007e4                __aeabi_ui2f
                0x080007e4                __floatunsisf
                0x080007ec                __aeabi_i2f
                0x080007ec                __floatsisf
                0x08000808                __aeabi_ul2f
                0x08000808                __floatundisf
                0x08000818                __aeabi_l2f
                0x08000818                __floatdisf
 .text          0x08000894       0x30 D:/STM32CubeIDE_1.15.1/STM32CubeIDE/plugins/com.st.stm32cube.ide.mcu.externaltools.gnu-tools-for-stm32.12.3.rel1.win32_1.0.100.202403111256/tools/bin/../lib/gcc/arm-none-eabi/12.3.1/thumb/v7e-m+fp/hard\libgcc.a(_aeabi_uldivmod.o)
                0x08000894                __aeabi_uldivmod
 .text          0x080008c4      0x2bc D:/STM32CubeIDE_1.15.1/STM32CubeIDE/plugins/com.st.stm32cube.ide.mcu.externaltools.gnu-tools-for-stm32.12.3.rel1.win32_1.0.100.202403111256/tools/bin/../lib/gcc/arm-none-eabi/12.3.1/thumb/v7e-m+fp/hard\libgcc.a(_udivmoddi4.o)
                0x080008c4                __udivmoddi4
 .text          0x08000b80        0x4 D:/STM32CubeIDE_1.15.1/STM32CubeIDE/plugins/com.st.stm32cube.ide.mcu.externaltools.gnu-tools-for-stm32.12.3.rel1.win32_1.0.100.202403111256/tools/bin/../lib/gcc/arm-none-eabi/12.3.1/thumb/v7e-m+fp/hard\libgcc.a(_dvmd_tls.o)
                0x08000b80                __aeabi_idiv0
                0x08000b80                __aeabi_ldiv0
 *(.text*)
 .text.main     0x08000b84       0x68 ./Core/Src/main.o
                0x08000b84                main
 .text.SystemClock_Config
                0x08000bec       0xc0 ./Core/Src/main.o
                0x08000bec                SystemClock_Config
 .text.MX_ADC1_Init
                0x08000cac       0xa4 ./Core/Src/main.o
 .text.MX_ADC3_Init
                0x08000d50       0xa4 ./Core/Src/main.o
 .text.MX_CAN1_Init
                0x08000df4       0x6c ./Core/Src/main.o
 .text.MX_CAN2_Init
                0x08000e60       0x6c ./Core/Src/main.o
 .text.MX_TIM2_Init
                0x08000ecc       0x98 ./Core/Src/main.o
 .text.MX_TIM3_Init
                0x08000f64       0x9c ./Core/Src/main.o
 .text.MX_TIM4_Init
                0x08001000       0x9c ./Core/Src/main.o
 .text.MX_TIM6_Init
                0x0800109c       0x6c ./Core/Src/main.o
 .text.MX_TIM7_Init
                0x08001108       0x6c ./Core/Src/main.o
 .text.MX_UART7_Init
                0x08001174       0x54 ./Core/Src/main.o
 .text.MX_GPIO_Init
                0x080011c8      0x138 ./Core/Src/main.o
 .text.CANStart
                0x08001300       0xac ./Core/Src/main.o
                0x08001300                CANStart
 .text.CAN_Transmit
                0x080013ac       0x4c ./Core/Src/main.o
                0x080013ac                CAN_Transmit
 .text.HAL_TIM_PeriodElapsedCallback
                0x080013f8      0x9b4 ./Core/Src/main.o
                0x080013f8                HAL_TIM_PeriodElapsedCallback
 .text.HAL_CAN_RxFifo0MsgPendingCallback
                0x08001dac      0x34c ./Core/Src/main.o
                0x08001dac                HAL_CAN_RxFifo0MsgPendingCallback
 .text.CheckErrors
                0x080020f8      0x3cc ./Core/Src/main.o
                0x080020f8                CheckErrors
 .text.Charger_CANTransmit
                0x080024c4       0x48 ./Core/Src/main.o
                0x080024c4                Charger_CANTransmit
 .text.swap_endianness_uint32
                0x0800250c       0x32 ./Core/Src/main.o
                0x0800250c                swap_endianness_uint32
 *fill*         0x0800253e        0x2 
 .text.eq_CAN1_Tx
                0x08002540       0xe4 ./Core/Src/main.o
                0x08002540                eq_CAN1_Tx
 .text.eq_CAN2_Tx
                0x08002624       0xe4 ./Core/Src/main.o
                0x08002624                eq_CAN2_Tx
 .text.CAN_Tx   0x08002708       0x68 ./Core/Src/main.o
                0x08002708                CAN_Tx
 .text.dq_CAN1_Tx
                0x08002770       0x90 ./Core/Src/main.o
                0x08002770                dq_CAN1_Tx
 .text.dq_CAN2_Tx
                0x08002800       0x90 ./Core/Src/main.o
                0x08002800                dq_CAN2_Tx
 .text.Error_Handler
                0x08002890        0xc ./Core/Src/main.o
                0x08002890                Error_Handler
 .text.HAL_MspInit
                0x0800289c       0x50 ./Core/Src/stm32f4xx_hal_msp.o
                0x0800289c                HAL_MspInit
 .text.HAL_ADC_MspInit
                0x080028ec      0x120 ./Core/Src/stm32f4xx_hal_msp.o
                0x080028ec                HAL_ADC_MspInit
 .text.HAL_CAN_MspInit
                0x08002a0c      0x1c4 ./Core/Src/stm32f4xx_hal_msp.o
                0x08002a0c                HAL_CAN_MspInit
 .text.HAL_TIM_Base_MspInit
                0x08002bd0      0x12c ./Core/Src/stm32f4xx_hal_msp.o
                0x08002bd0                HAL_TIM_Base_MspInit
 .text.HAL_UART_MspInit
                0x08002cfc       0x90 ./Core/Src/stm32f4xx_hal_msp.o
                0x08002cfc                HAL_UART_MspInit
 .text.NMI_Handler
                0x08002d8c        0x8 ./Core/Src/stm32f4xx_it.o
                0x08002d8c                NMI_Handler
 .text.HardFault_Handler
                0x08002d94        0x8 ./Core/Src/stm32f4xx_it.o
                0x08002d94                HardFault_Handler
 .text.MemManage_Handler
                0x08002d9c        0x8 ./Core/Src/stm32f4xx_it.o
                0x08002d9c                MemManage_Handler
 .text.BusFault_Handler
                0x08002da4        0x8 ./Core/Src/stm32f4xx_it.o
                0x08002da4                BusFault_Handler
 .text.UsageFault_Handler
                0x08002dac        0x8 ./Core/Src/stm32f4xx_it.o
                0x08002dac                UsageFault_Handler
 .text.SVC_Handler
                0x08002db4        0xe ./Core/Src/stm32f4xx_it.o
                0x08002db4                SVC_Handler
 .text.DebugMon_Handler
                0x08002dc2        0xe ./Core/Src/stm32f4xx_it.o
                0x08002dc2                DebugMon_Handler
 .text.PendSV_Handler
                0x08002dd0        0xe ./Core/Src/stm32f4xx_it.o
                0x08002dd0                PendSV_Handler
 .text.SysTick_Handler
                0x08002dde        0xc ./Core/Src/stm32f4xx_it.o
                0x08002dde                SysTick_Handler
 *fill*         0x08002dea        0x2 
 .text.CAN1_TX_IRQHandler
                0x08002dec       0x14 ./Core/Src/stm32f4xx_it.o
                0x08002dec                CAN1_TX_IRQHandler
 .text.CAN1_RX0_IRQHandler
                0x08002e00       0x14 ./Core/Src/stm32f4xx_it.o
                0x08002e00                CAN1_RX0_IRQHandler
 .text.CAN1_RX1_IRQHandler
                0x08002e14       0x14 ./Core/Src/stm32f4xx_it.o
                0x08002e14                CAN1_RX1_IRQHandler
 .text.CAN1_SCE_IRQHandler
                0x08002e28       0x14 ./Core/Src/stm32f4xx_it.o
                0x08002e28                CAN1_SCE_IRQHandler
 .text.TIM2_IRQHandler
                0x08002e3c       0x14 ./Core/Src/stm32f4xx_it.o
                0x08002e3c                TIM2_IRQHandler
 .text.TIM3_IRQHandler
                0x08002e50       0x14 ./Core/Src/stm32f4xx_it.o
                0x08002e50                TIM3_IRQHandler
 .text.TIM4_IRQHandler
                0x08002e64       0x14 ./Core/Src/stm32f4xx_it.o
                0x08002e64                TIM4_IRQHandler
 .text.TIM6_DAC_IRQHandler
                0x08002e78       0x14 ./Core/Src/stm32f4xx_it.o
                0x08002e78                TIM6_DAC_IRQHandler
 .text.CAN2_TX_IRQHandler
                0x08002e8c       0x14 ./Core/Src/stm32f4xx_it.o
                0x08002e8c                CAN2_TX_IRQHandler
 .text.CAN2_RX0_IRQHandler
                0x08002ea0       0x14 ./Core/Src/stm32f4xx_it.o
                0x08002ea0                CAN2_RX0_IRQHandler
 .text.CAN2_RX1_IRQHandler
                0x08002eb4       0x14 ./Core/Src/stm32f4xx_it.o
                0x08002eb4                CAN2_RX1_IRQHandler
 .text.CAN2_SCE_IRQHandler
                0x08002ec8       0x14 ./Core/Src/stm32f4xx_it.o
                0x08002ec8                CAN2_SCE_IRQHandler
 .text.SystemInit
                0x08002edc       0x24 ./Core/Src/system_stm32f4xx.o
                0x08002edc                SystemInit
 .text.Reset_Handler
                0x08002f00       0x50 ./Core/Startup/startup_stm32f429zitx.o
                0x08002f00                Reset_Handler
 .text.Default_Handler
                0x08002f50        0x2 ./Core/Startup/startup_stm32f429zitx.o
                0x08002f50                RTC_Alarm_IRQHandler
                0x08002f50                HASH_RNG_IRQHandler
                0x08002f50                EXTI2_IRQHandler
                0x08002f50                TIM8_CC_IRQHandler
                0x08002f50                UART8_IRQHandler
                0x08002f50                SPI4_IRQHandler
                0x08002f50                TIM1_CC_IRQHandler
                0x08002f50                DMA2_Stream5_IRQHandler
                0x08002f50                DMA1_Stream5_IRQHandler
                0x08002f50                PVD_IRQHandler
                0x08002f50                SDIO_IRQHandler
                0x08002f50                TAMP_STAMP_IRQHandler
                0x08002f50                EXTI3_IRQHandler
                0x08002f50                TIM8_TRG_COM_TIM14_IRQHandler
                0x08002f50                TIM1_UP_TIM10_IRQHandler
                0x08002f50                TIM8_UP_TIM13_IRQHandler
                0x08002f50                I2C3_ER_IRQHandler
                0x08002f50                EXTI0_IRQHandler
                0x08002f50                I2C2_EV_IRQHandler
                0x08002f50                DMA1_Stream2_IRQHandler
                0x08002f50                FPU_IRQHandler
                0x08002f50                OTG_HS_WKUP_IRQHandler
                0x08002f50                LTDC_ER_IRQHandler
                0x08002f50                DMA2_Stream2_IRQHandler
                0x08002f50                SPI1_IRQHandler
                0x08002f50                TIM1_BRK_TIM9_IRQHandler
                0x08002f50                DCMI_IRQHandler
                0x08002f50                DMA2_Stream3_IRQHandler
                0x08002f50                USART6_IRQHandler
                0x08002f50                USART3_IRQHandler
                0x08002f50                UART5_IRQHandler
                0x08002f50                DMA2_Stream0_IRQHandler
                0x08002f50                I2C1_EV_IRQHandler
                0x08002f50                DMA1_Stream6_IRQHandler
                0x08002f50                DMA1_Stream1_IRQHandler
                0x08002f50                UART4_IRQHandler
                0x08002f50                RCC_IRQHandler
                0x08002f50                TIM8_BRK_TIM12_IRQHandler
                0x08002f50                Default_Handler
                0x08002f50                EXTI15_10_IRQHandler
                0x08002f50                ADC_IRQHandler
                0x08002f50                DMA1_Stream7_IRQHandler
                0x08002f50                SPI5_IRQHandler
                0x08002f50                TIM7_IRQHandler
                0x08002f50                TIM5_IRQHandler
                0x08002f50                DMA2_Stream7_IRQHandler
                0x08002f50                I2C3_EV_IRQHandler
                0x08002f50                EXTI9_5_IRQHandler
                0x08002f50                RTC_WKUP_IRQHandler
                0x08002f50                LTDC_IRQHandler
                0x08002f50                ETH_WKUP_IRQHandler
                0x08002f50                SPI2_IRQHandler
                0x08002f50                OTG_HS_EP1_IN_IRQHandler
                0x08002f50                DMA1_Stream0_IRQHandler
                0x08002f50                EXTI4_IRQHandler
                0x08002f50                ETH_IRQHandler
                0x08002f50                OTG_HS_EP1_OUT_IRQHandler
                0x08002f50                WWDG_IRQHandler
                0x08002f50                SPI6_IRQHandler
                0x08002f50                OTG_FS_WKUP_IRQHandler
                0x08002f50                TIM1_TRG_COM_TIM11_IRQHandler
                0x08002f50                OTG_HS_IRQHandler
                0x08002f50                DMA2D_IRQHandler
                0x08002f50                EXTI1_IRQHandler
                0x08002f50                UART7_IRQHandler
                0x08002f50                USART2_IRQHandler
                0x08002f50                I2C2_ER_IRQHandler
                0x08002f50                DMA2_Stream1_IRQHandler
                0x08002f50                FLASH_IRQHandler
                0x08002f50                DMA2_Stream4_IRQHandler
                0x08002f50                USART1_IRQHandler
                0x08002f50                OTG_FS_IRQHandler
                0x08002f50                SPI3_IRQHandler
                0x08002f50                DMA1_Stream4_IRQHandler
                0x08002f50                I2C1_ER_IRQHandler
                0x08002f50                FMC_IRQHandler
                0x08002f50                DMA2_Stream6_IRQHandler
                0x08002f50                SAI1_IRQHandler
                0x08002f50                DMA1_Stream3_IRQHandler
 *fill*         0x08002f52        0x2 
 .text.HAL_Init
                0x08002f54       0x44 ./Drivers/STM32F4xx_HAL_Driver/Src/stm32f4xx_hal.o
                0x08002f54                HAL_Init
 .text.HAL_InitTick
                0x08002f98       0x60 ./Drivers/STM32F4xx_HAL_Driver/Src/stm32f4xx_hal.o
                0x08002f98                HAL_InitTick
 .text.HAL_IncTick
                0x08002ff8       0x28 ./Drivers/STM32F4xx_HAL_Driver/Src/stm32f4xx_hal.o
                0x08002ff8                HAL_IncTick
 .text.HAL_GetTick
                0x08003020       0x18 ./Drivers/STM32F4xx_HAL_Driver/Src/stm32f4xx_hal.o
                0x08003020                HAL_GetTick
 .text.HAL_ADC_Init
                0x08003038       0x86 ./Drivers/STM32F4xx_HAL_Driver/Src/stm32f4xx_hal_adc.o
                0x08003038                HAL_ADC_Init
 *fill*         0x080030be        0x2 
 .text.HAL_ADC_ConfigChannel
                0x080030c0      0x264 ./Drivers/STM32F4xx_HAL_Driver/Src/stm32f4xx_hal_adc.o
                0x080030c0                HAL_ADC_ConfigChannel
 .text.ADC_Init
                0x08003324      0x1f8 ./Drivers/STM32F4xx_HAL_Driver/Src/stm32f4xx_hal_adc.o
 .text.HAL_CAN_Init
                0x0800351c      0x1f6 ./Drivers/STM32F4xx_HAL_Driver/Src/stm32f4xx_hal_can.o
                0x0800351c                HAL_CAN_Init
 *fill*         0x08003712        0x2 
 .text.HAL_CAN_ConfigFilter
                0x08003714      0x1c0 ./Drivers/STM32F4xx_HAL_Driver/Src/stm32f4xx_hal_can.o
                0x08003714                HAL_CAN_ConfigFilter
 .text.HAL_CAN_Start
                0x080038d4       0x88 ./Drivers/STM32F4xx_HAL_Driver/Src/stm32f4xx_hal_can.o
                0x080038d4                HAL_CAN_Start
 .text.HAL_CAN_AddTxMessage
                0x0800395c      0x1b6 ./Drivers/STM32F4xx_HAL_Driver/Src/stm32f4xx_hal_can.o
                0x0800395c                HAL_CAN_AddTxMessage
 .text.HAL_CAN_GetTxMailboxesFreeLevel
                0x08003b12       0x6a ./Drivers/STM32F4xx_HAL_Driver/Src/stm32f4xx_hal_can.o
                0x08003b12                HAL_CAN_GetTxMailboxesFreeLevel
 .text.HAL_CAN_GetRxMessage
                0x08003b7c      0x224 ./Drivers/STM32F4xx_HAL_Driver/Src/stm32f4xx_hal_can.o
                0x08003b7c                HAL_CAN_GetRxMessage
 .text.HAL_CAN_ActivateNotification
                0x08003da0       0x4c ./Drivers/STM32F4xx_HAL_Driver/Src/stm32f4xx_hal_can.o
                0x08003da0                HAL_CAN_ActivateNotification
 .text.HAL_CAN_IRQHandler
                0x08003dec      0x36e ./Drivers/STM32F4xx_HAL_Driver/Src/stm32f4xx_hal_can.o
                0x08003dec                HAL_CAN_IRQHandler
 .text.HAL_CAN_TxMailbox0CompleteCallback
                0x0800415a       0x14 ./Drivers/STM32F4xx_HAL_Driver/Src/stm32f4xx_hal_can.o
                0x0800415a                HAL_CAN_TxMailbox0CompleteCallback
 .text.HAL_CAN_TxMailbox1CompleteCallback
                0x0800416e       0x14 ./Drivers/STM32F4xx_HAL_Driver/Src/stm32f4xx_hal_can.o
                0x0800416e                HAL_CAN_TxMailbox1CompleteCallback
 .text.HAL_CAN_TxMailbox2CompleteCallback
                0x08004182       0x14 ./Drivers/STM32F4xx_HAL_Driver/Src/stm32f4xx_hal_can.o
                0x08004182                HAL_CAN_TxMailbox2CompleteCallback
 .text.HAL_CAN_TxMailbox0AbortCallback
                0x08004196       0x14 ./Drivers/STM32F4xx_HAL_Driver/Src/stm32f4xx_hal_can.o
                0x08004196                HAL_CAN_TxMailbox0AbortCallback
 .text.HAL_CAN_TxMailbox1AbortCallback
                0x080041aa       0x14 ./Drivers/STM32F4xx_HAL_Driver/Src/stm32f4xx_hal_can.o
                0x080041aa                HAL_CAN_TxMailbox1AbortCallback
 .text.HAL_CAN_TxMailbox2AbortCallback
                0x080041be       0x14 ./Drivers/STM32F4xx_HAL_Driver/Src/stm32f4xx_hal_can.o
                0x080041be                HAL_CAN_TxMailbox2AbortCallback
 .text.HAL_CAN_RxFifo0FullCallback
                0x080041d2       0x14 ./Drivers/STM32F4xx_HAL_Driver/Src/stm32f4xx_hal_can.o
                0x080041d2                HAL_CAN_RxFifo0FullCallback
 .text.HAL_CAN_RxFifo1MsgPendingCallback
                0x080041e6       0x14 ./Drivers/STM32F4xx_HAL_Driver/Src/stm32f4xx_hal_can.o
                0x080041e6                HAL_CAN_RxFifo1MsgPendingCallback
 .text.HAL_CAN_RxFifo1FullCallback
                0x080041fa       0x14 ./Drivers/STM32F4xx_HAL_Driver/Src/stm32f4xx_hal_can.o
                0x080041fa                HAL_CAN_RxFifo1FullCallback
 .text.HAL_CAN_SleepCallback
                0x0800420e       0x14 ./Drivers/STM32F4xx_HAL_Driver/Src/stm32f4xx_hal_can.o
                0x0800420e                HAL_CAN_SleepCallback
 .text.HAL_CAN_WakeUpFromRxMsgCallback
                0x08004222       0x14 ./Drivers/STM32F4xx_HAL_Driver/Src/stm32f4xx_hal_can.o
                0x08004222                HAL_CAN_WakeUpFromRxMsgCallback
 .text.HAL_CAN_ErrorCallback
                0x08004236       0x14 ./Drivers/STM32F4xx_HAL_Driver/Src/stm32f4xx_hal_can.o
                0x08004236                HAL_CAN_ErrorCallback
 *fill*         0x0800424a        0x2 
 .text.__NVIC_SetPriorityGrouping
                0x0800424c       0x48 ./Drivers/STM32F4xx_HAL_Driver/Src/stm32f4xx_hal_cortex.o
 .text.__NVIC_GetPriorityGrouping
                0x08004294       0x1c ./Drivers/STM32F4xx_HAL_Driver/Src/stm32f4xx_hal_cortex.o
 .text.__NVIC_EnableIRQ
                0x080042b0       0x3c ./Drivers/STM32F4xx_HAL_Driver/Src/stm32f4xx_hal_cortex.o
 .text.__NVIC_SetPriority
                0x080042ec       0x54 ./Drivers/STM32F4xx_HAL_Driver/Src/stm32f4xx_hal_cortex.o
 .text.NVIC_EncodePriority
                0x08004340       0x66 ./Drivers/STM32F4xx_HAL_Driver/Src/stm32f4xx_hal_cortex.o
 *fill*         0x080043a6        0x2 
 .text.SysTick_Config
                0x080043a8       0x44 ./Drivers/STM32F4xx_HAL_Driver/Src/stm32f4xx_hal_cortex.o
 .text.HAL_NVIC_SetPriorityGrouping
                0x080043ec       0x16 ./Drivers/STM32F4xx_HAL_Driver/Src/stm32f4xx_hal_cortex.o
                0x080043ec                HAL_NVIC_SetPriorityGrouping
 .text.HAL_NVIC_SetPriority
                0x08004402       0x38 ./Drivers/STM32F4xx_HAL_Driver/Src/stm32f4xx_hal_cortex.o
                0x08004402                HAL_NVIC_SetPriority
 .text.HAL_NVIC_EnableIRQ
                0x0800443a       0x1c ./Drivers/STM32F4xx_HAL_Driver/Src/stm32f4xx_hal_cortex.o
                0x0800443a                HAL_NVIC_EnableIRQ
 .text.HAL_SYSTICK_Config
                0x08004456       0x18 ./Drivers/STM32F4xx_HAL_Driver/Src/stm32f4xx_hal_cortex.o
                0x08004456                HAL_SYSTICK_Config
 *fill*         0x0800446e        0x2 
 .text.HAL_GPIO_Init
                0x08004470      0x358 ./Drivers/STM32F4xx_HAL_Driver/Src/stm32f4xx_hal_gpio.o
                0x08004470                HAL_GPIO_Init
 .text.HAL_GPIO_ReadPin
                0x080047c8       0x30 ./Drivers/STM32F4xx_HAL_Driver/Src/stm32f4xx_hal_gpio.o
                0x080047c8                HAL_GPIO_ReadPin
 .text.HAL_GPIO_WritePin
                0x080047f8       0x32 ./Drivers/STM32F4xx_HAL_Driver/Src/stm32f4xx_hal_gpio.o
                0x080047f8                HAL_GPIO_WritePin
 .text.HAL_GPIO_TogglePin
                0x0800482a       0x34 ./Drivers/STM32F4xx_HAL_Driver/Src/stm32f4xx_hal_gpio.o
                0x0800482a                HAL_GPIO_TogglePin
 *fill*         0x0800485e        0x2 
 .text.HAL_RCC_OscConfig
                0x08004860      0x4f0 ./Drivers/STM32F4xx_HAL_Driver/Src/stm32f4xx_hal_rcc.o
                0x08004860                HAL_RCC_OscConfig
 .text.HAL_RCC_ClockConfig
                0x08004d50      0x1cc ./Drivers/STM32F4xx_HAL_Driver/Src/stm32f4xx_hal_rcc.o
                0x08004d50                HAL_RCC_ClockConfig
 .text.HAL_RCC_GetSysClockFreq
                0x08004f1c      0x18c ./Drivers/STM32F4xx_HAL_Driver/Src/stm32f4xx_hal_rcc.o
                0x08004f1c                HAL_RCC_GetSysClockFreq
 .text.HAL_RCC_GetHCLKFreq
                0x080050a8       0x18 ./Drivers/STM32F4xx_HAL_Driver/Src/stm32f4xx_hal_rcc.o
                0x080050a8                HAL_RCC_GetHCLKFreq
 .text.HAL_RCC_GetPCLK1Freq
                0x080050c0       0x28 ./Drivers/STM32F4xx_HAL_Driver/Src/stm32f4xx_hal_rcc.o
                0x080050c0                HAL_RCC_GetPCLK1Freq
 .text.HAL_RCC_GetPCLK2Freq
                0x080050e8       0x28 ./Drivers/STM32F4xx_HAL_Driver/Src/stm32f4xx_hal_rcc.o
                0x080050e8                HAL_RCC_GetPCLK2Freq
 .text.HAL_TIM_Base_Init
                0x08005110       0x9e ./Drivers/STM32F4xx_HAL_Driver/Src/stm32f4xx_hal_tim.o
                0x08005110                HAL_TIM_Base_Init
 *fill*         0x080051ae        0x2 
 .text.HAL_TIM_Base_Start_IT
                0x080051b0       0xe0 ./Drivers/STM32F4xx_HAL_Driver/Src/stm32f4xx_hal_tim.o
                0x080051b0                HAL_TIM_Base_Start_IT
 .text.HAL_TIM_IRQHandler
                0x08005290      0x210 ./Drivers/STM32F4xx_HAL_Driver/Src/stm32f4xx_hal_tim.o
                0x08005290                HAL_TIM_IRQHandler
 .text.HAL_TIM_ConfigClockSource
                0x080054a0      0x18e ./Drivers/STM32F4xx_HAL_Driver/Src/stm32f4xx_hal_tim.o
                0x080054a0                HAL_TIM_ConfigClockSource
 .text.HAL_TIM_OC_DelayElapsedCallback
                0x0800562e       0x14 ./Drivers/STM32F4xx_HAL_Driver/Src/stm32f4xx_hal_tim.o
                0x0800562e                HAL_TIM_OC_DelayElapsedCallback
 .text.HAL_TIM_IC_CaptureCallback
                0x08005642       0x14 ./Drivers/STM32F4xx_HAL_Driver/Src/stm32f4xx_hal_tim.o
                0x08005642                HAL_TIM_IC_CaptureCallback
 .text.HAL_TIM_PWM_PulseFinishedCallback
                0x08005656       0x14 ./Drivers/STM32F4xx_HAL_Driver/Src/stm32f4xx_hal_tim.o
                0x08005656                HAL_TIM_PWM_PulseFinishedCallback
 .text.HAL_TIM_TriggerCallback
                0x0800566a       0x14 ./Drivers/STM32F4xx_HAL_Driver/Src/stm32f4xx_hal_tim.o
                0x0800566a                HAL_TIM_TriggerCallback
 *fill*         0x0800567e        0x2 
 .text.TIM_Base_SetConfig
                0x08005680      0x140 ./Drivers/STM32F4xx_HAL_Driver/Src/stm32f4xx_hal_tim.o
                0x08005680                TIM_Base_SetConfig
 .text.TIM_TI1_ConfigInputStage
                0x080057c0       0x5e ./Drivers/STM32F4xx_HAL_Driver/Src/stm32f4xx_hal_tim.o
 .text.TIM_TI2_ConfigInputStage
                0x0800581e       0x60 ./Drivers/STM32F4xx_HAL_Driver/Src/stm32f4xx_hal_tim.o
 .text.TIM_ITRx_SetConfig
                0x0800587e       0x36 ./Drivers/STM32F4xx_HAL_Driver/Src/stm32f4xx_hal_tim.o
 .text.TIM_ETR_SetConfig
                0x080058b4       0x40 ./Drivers/STM32F4xx_HAL_Driver/Src/stm32f4xx_hal_tim.o
                0x080058b4                TIM_ETR_SetConfig
 .text.HAL_TIMEx_MasterConfigSynchronization
                0x080058f4       0xf8 ./Drivers/STM32F4xx_HAL_Driver/Src/stm32f4xx_hal_tim_ex.o
                0x080058f4                HAL_TIMEx_MasterConfigSynchronization
 .text.HAL_TIMEx_CommutCallback
                0x080059ec       0x14 ./Drivers/STM32F4xx_HAL_Driver/Src/stm32f4xx_hal_tim_ex.o
                0x080059ec                HAL_TIMEx_CommutCallback
 .text.HAL_TIMEx_BreakCallback
                0x08005a00       0x14 ./Drivers/STM32F4xx_HAL_Driver/Src/stm32f4xx_hal_tim_ex.o
                0x08005a00                HAL_TIMEx_BreakCallback
 .text.HAL_UART_Init
                0x08005a14       0x9a ./Drivers/STM32F4xx_HAL_Driver/Src/stm32f4xx_hal_uart.o
                0x08005a14                HAL_UART_Init
 *fill*         0x08005aae        0x2 
 .text.UART_SetConfig
                0x08005ab0      0x4e8 ./Drivers/STM32F4xx_HAL_Driver/Src/stm32f4xx_hal_uart.o
 .text.memset   0x08005f98       0x10 D:/STM32CubeIDE_1.15.1/STM32CubeIDE/plugins/com.st.stm32cube.ide.mcu.externaltools.gnu-tools-for-stm32.12.3.rel1.win32_1.0.100.202403111256/tools/bin/../lib/gcc/arm-none-eabi/12.3.1/../../../../arm-none-eabi/lib/thumb/v7e-m+fp/hard\libc_nano.a(libc_a-memset.o)
                0x08005f98                memset
 .text.__libc_init_array
                0x08005fa8       0x48 D:/STM32CubeIDE_1.15.1/STM32CubeIDE/plugins/com.st.stm32cube.ide.mcu.externaltools.gnu-tools-for-stm32.12.3.rel1.win32_1.0.100.202403111256/tools/bin/../lib/gcc/arm-none-eabi/12.3.1/../../../../arm-none-eabi/lib/thumb/v7e-m+fp/hard\libc_nano.a(libc_a-init.o)
                0x08005fa8                __libc_init_array
 *(.glue_7)
 .glue_7        0x08005ff0        0x0 linker stubs
 *(.glue_7t)
 .glue_7t       0x08005ff0        0x0 linker stubs
 *(.eh_frame)
 .eh_frame      0x08005ff0        0x0 D:/STM32CubeIDE_1.15.1/STM32CubeIDE/plugins/com.st.stm32cube.ide.mcu.externaltools.gnu-tools-for-stm32.12.3.rel1.win32_1.0.100.202403111256/tools/bin/../lib/gcc/arm-none-eabi/12.3.1/thumb/v7e-m+fp/hard/crtbegin.o
 *(.init)
 .init          0x08005ff0        0x4 D:/STM32CubeIDE_1.15.1/STM32CubeIDE/plugins/com.st.stm32cube.ide.mcu.externaltools.gnu-tools-for-stm32.12.3.rel1.win32_1.0.100.202403111256/tools/bin/../lib/gcc/arm-none-eabi/12.3.1/thumb/v7e-m+fp/hard/crti.o
                0x08005ff0                _init
 .init          0x08005ff4        0x8 D:/STM32CubeIDE_1.15.1/STM32CubeIDE/plugins/com.st.stm32cube.ide.mcu.externaltools.gnu-tools-for-stm32.12.3.rel1.win32_1.0.100.202403111256/tools/bin/../lib/gcc/arm-none-eabi/12.3.1/thumb/v7e-m+fp/hard/crtn.o
 *(.fini)
 .fini          0x08005ffc        0x4 D:/STM32CubeIDE_1.15.1/STM32CubeIDE/plugins/com.st.stm32cube.ide.mcu.externaltools.gnu-tools-for-stm32.12.3.rel1.win32_1.0.100.202403111256/tools/bin/../lib/gcc/arm-none-eabi/12.3.1/thumb/v7e-m+fp/hard/crti.o
                0x08005ffc                _fini
 .fini          0x08006000        0x8 D:/STM32CubeIDE_1.15.1/STM32CubeIDE/plugins/com.st.stm32cube.ide.mcu.externaltools.gnu-tools-for-stm32.12.3.rel1.win32_1.0.100.202403111256/tools/bin/../lib/gcc/arm-none-eabi/12.3.1/thumb/v7e-m+fp/hard/crtn.o
                0x08006008                        . = ALIGN (0x4)
                0x08006008                        _etext = .

.vfp11_veneer   0x08006008        0x0
 .vfp11_veneer  0x08006008        0x0 linker stubs

.v4_bx          0x08006008        0x0
 .v4_bx         0x08006008        0x0 linker stubs

.iplt           0x08006008        0x0
 .iplt          0x08006008        0x0 D:/STM32CubeIDE_1.15.1/STM32CubeIDE/plugins/com.st.stm32cube.ide.mcu.externaltools.gnu-tools-for-stm32.12.3.rel1.win32_1.0.100.202403111256/tools/bin/../lib/gcc/arm-none-eabi/12.3.1/thumb/v7e-m+fp/hard/crtbegin.o

.rodata         0x08006008       0x18
                0x08006008                        . = ALIGN (0x4)
 *(.rodata)
 *(.rodata*)
 .rodata.AHBPrescTable
                0x08006008       0x10 ./Core/Src/system_stm32f4xx.o
                0x08006008                AHBPrescTable
 .rodata.APBPrescTable
                0x08006018        0x8 ./Core/Src/system_stm32f4xx.o
                0x08006018                APBPrescTable
                0x08006020                        . = ALIGN (0x4)

.ARM.extab      0x08006020        0x0
                0x08006020                        . = ALIGN (0x4)
 *(.ARM.extab* .gnu.linkonce.armextab.*)
                0x08006020                        . = ALIGN (0x4)

.ARM            0x08006020        0x8
                0x08006020                        . = ALIGN (0x4)
                0x08006020                        __exidx_start = .
 *(.ARM.exidx*)
 .ARM.exidx     0x08006020        0x8 D:/STM32CubeIDE_1.15.1/STM32CubeIDE/plugins/com.st.stm32cube.ide.mcu.externaltools.gnu-tools-for-stm32.12.3.rel1.win32_1.0.100.202403111256/tools/bin/../lib/gcc/arm-none-eabi/12.3.1/thumb/v7e-m+fp/hard\libgcc.a(_udivmoddi4.o)
                0x08006028                        __exidx_end = .
                0x08006028                        . = ALIGN (0x4)

.rel.dyn        0x08006028        0x0
 .rel.iplt      0x08006028        0x0 D:/STM32CubeIDE_1.15.1/STM32CubeIDE/plugins/com.st.stm32cube.ide.mcu.externaltools.gnu-tools-for-stm32.12.3.rel1.win32_1.0.100.202403111256/tools/bin/../lib/gcc/arm-none-eabi/12.3.1/thumb/v7e-m+fp/hard/crtbegin.o

.preinit_array  0x08006028        0x0
                0x08006028                        . = ALIGN (0x4)
                0x08006028                        PROVIDE (__preinit_array_start = .)
 *(.preinit_array*)
                0x08006028                        PROVIDE (__preinit_array_end = .)
                0x08006028                        . = ALIGN (0x4)

.init_array     0x08006028        0x4
                0x08006028                        . = ALIGN (0x4)
                0x08006028                        PROVIDE (__init_array_start = .)
 *(SORT_BY_NAME(.init_array.*))
 *(.init_array*)
 .init_array    0x08006028        0x4 D:/STM32CubeIDE_1.15.1/STM32CubeIDE/plugins/com.st.stm32cube.ide.mcu.externaltools.gnu-tools-for-stm32.12.3.rel1.win32_1.0.100.202403111256/tools/bin/../lib/gcc/arm-none-eabi/12.3.1/thumb/v7e-m+fp/hard/crtbegin.o
                0x0800602c                        PROVIDE (__init_array_end = .)
                0x0800602c                        . = ALIGN (0x4)

.fini_array     0x0800602c        0x4
                0x0800602c                        . = ALIGN (0x4)
                [!provide]                        PROVIDE (__fini_array_start = .)
 *(SORT_BY_NAME(.fini_array.*))
 *(.fini_array*)
 .fini_array    0x0800602c        0x4 D:/STM32CubeIDE_1.15.1/STM32CubeIDE/plugins/com.st.stm32cube.ide.mcu.externaltools.gnu-tools-for-stm32.12.3.rel1.win32_1.0.100.202403111256/tools/bin/../lib/gcc/arm-none-eabi/12.3.1/thumb/v7e-m+fp/hard/crtbegin.o
                [!provide]                        PROVIDE (__fini_array_end = .)
                0x08006030                        . = ALIGN (0x4)
                0x08006030                        _sidata = LOADADDR (.data)

.data           0x20000000       0x1c load address 0x08006030
                0x20000000                        . = ALIGN (0x4)
                0x20000000                        _sdata = .
 *(.data)
 *(.data*)
 .data.CAN_Slave_no
                0x20000000        0x4 ./Core/Src/main.o
                0x20000000                CAN_Slave_no
 .data.request_to_slave
                0x20000004        0x1 ./Core/Src/main.o
                0x20000004                request_to_slave
 *fill*         0x20000005        0x3 
 .data.canHealthMonitoringThreshold
                0x20000008        0x4 ./Core/Src/main.o
                0x20000008                canHealthMonitoringThreshold
 .data.testVar1
                0x2000000c        0x1 ./Core/Src/main.o
                0x2000000c                testVar1
 *fill*         0x2000000d        0x3 
 .data.SystemCoreClock
                0x20000010        0x4 ./Core/Src/system_stm32f4xx.o
                0x20000010                SystemCoreClock
 .data.uwTickPrio
                0x20000014        0x4 ./Drivers/STM32F4xx_HAL_Driver/Src/stm32f4xx_hal.o
                0x20000014                uwTickPrio
 .data.uwTickFreq
                0x20000018        0x1 ./Drivers/STM32F4xx_HAL_Driver/Src/stm32f4xx_hal.o
                0x20000018                uwTickFreq
 *(.RamFunc)
 *(.RamFunc*)
                0x2000001c                        . = ALIGN (0x4)
 *fill*         0x20000019        0x3 
                0x2000001c                        _edata = .
                0x0800604c                        _siccmram = LOADADDR (.ccmram)

.igot.plt       0x2000001c        0x0 load address 0x0800604c
 .igot.plt      0x2000001c        0x0 D:/STM32CubeIDE_1.15.1/STM32CubeIDE/plugins/com.st.stm32cube.ide.mcu.externaltools.gnu-tools-for-stm32.12.3.rel1.win32_1.0.100.202403111256/tools/bin/../lib/gcc/arm-none-eabi/12.3.1/thumb/v7e-m+fp/hard/crtbegin.o

.ccmram         0x10000000        0x0 load address 0x0800604c
                0x10000000                        . = ALIGN (0x4)
                0x10000000                        _sccmram = .
 *(.ccmram)
 *(.ccmram*)
                0x10000000                        . = ALIGN (0x4)
                0x10000000                        _eccmram = .
                0x10000000                        . = ALIGN (0x4)

.bss            0x2000001c     0x1868
                0x2000001c                        _sbss = .
                0x2000001c                        __bss_start__ = _sbss
 *(.bss)
 .bss           0x2000001c       0x1c D:/STM32CubeIDE_1.15.1/STM32CubeIDE/plugins/com.st.stm32cube.ide.mcu.externaltools.gnu-tools-for-stm32.12.3.rel1.win32_1.0.100.202403111256/tools/bin/../lib/gcc/arm-none-eabi/12.3.1/thumb/v7e-m+fp/hard/crtbegin.o
 *(.bss*)
 .bss.hadc1     0x20000038       0x48 ./Core/Src/main.o
                0x20000038                hadc1
 .bss.hadc3     0x20000080       0x48 ./Core/Src/main.o
                0x20000080                hadc3
 .bss.hcan1     0x200000c8       0x28 ./Core/Src/main.o
                0x200000c8                hcan1
 .bss.hcan2     0x200000f0       0x28 ./Core/Src/main.o
                0x200000f0                hcan2
 .bss.htim2     0x20000118       0x48 ./Core/Src/main.o
                0x20000118                htim2
 .bss.htim3     0x20000160       0x48 ./Core/Src/main.o
                0x20000160                htim3
 .bss.htim4     0x200001a8       0x48 ./Core/Src/main.o
                0x200001a8                htim4
 .bss.htim6     0x200001f0       0x48 ./Core/Src/main.o
                0x200001f0                htim6
 .bss.htim7     0x20000238       0x48 ./Core/Src/main.o
                0x20000238                htim7
 .bss.canMessageQueue1
                0x20000280      0x7d0 ./Core/Src/main.o
                0x20000280                canMessageQueue1
 .bss.canMessageQueue2
                0x20000a50      0x7d0 ./Core/Src/main.o
                0x20000a50                canMessageQueue2
 .bss.queueHead1
                0x20001220        0x1 ./Core/Src/main.o
                0x20001220                queueHead1
 .bss.queueTail1
                0x20001221        0x1 ./Core/Src/main.o
                0x20001221                queueTail1
 .bss.queueHead2
                0x20001222        0x1 ./Core/Src/main.o
                0x20001222                queueHead2
 .bss.queueTail2
                0x20001223        0x1 ./Core/Src/main.o
                0x20001223                queueTail2
 .bss.huart7    0x20001224       0x44 ./Core/Src/main.o
                0x20001224                huart7
 .bss.CAN_Slave_ID
                0x20001268        0x4 ./Core/Src/main.o
                0x20001268                CAN_Slave_ID
 .bss.ide       0x2000126c        0x4 ./Core/Src/main.o
                0x2000126c                ide
 .bss.alpha     0x20001270        0x4 ./Core/Src/main.o
                0x20001270                alpha
 .bss.beta      0x20001274        0x4 ./Core/Src/main.o
                0x20001274                beta
 .bss.gamma     0x20001278        0x4 ./Core/Src/main.o
                0x20001278                gamma
 .bss.delta     0x2000127c        0x4 ./Core/Src/main.o
                0x2000127c                delta
 .bss.crnt      0x20001280        0x2 ./Core/Src/main.o
                0x20001280                crnt
 *fill*         0x20001282        0x2 
 .bss.datalog1  0x20001284        0x8 ./Core/Src/main.o
                0x20001284                datalog1
 .bss.datalog2  0x2000128c        0x8 ./Core/Src/main.o
                0x2000128c                datalog2
 .bss.datalog3  0x20001294        0x8 ./Core/Src/main.o
                0x20001294                datalog3
 .bss.datalog4  0x2000129c        0x8 ./Core/Src/main.o
                0x2000129c                datalog4
 .bss.Voltmax_Loc
                0x200012a4        0x2 ./Core/Src/main.o
                0x200012a4                Voltmax_Loc
 .bss.Voltmin_Loc
                0x200012a6        0x2 ./Core/Src/main.o
                0x200012a6                Voltmin_Loc
 .bss.Tempmax_Loc
                0x200012a8        0x2 ./Core/Src/main.o
                0x200012a8                Tempmax_Loc
 .bss.Tempmin_Loc
                0x200012aa        0x2 ./Core/Src/main.o
                0x200012aa                Tempmin_Loc
 .bss.V_del     0x200012ac        0x2 ./Core/Src/main.o
                0x200012ac                V_del
 .bss.V_delloc  0x200012ae        0x2 ./Core/Src/main.o
                0x200012ae                V_delloc
 .bss.cntr      0x200012b0        0x2 ./Core/Src/main.o
                0x200012b0                cntr
 .bss.cntr2     0x200012b2        0x2 ./Core/Src/main.o
                0x200012b2                cntr2
 .bss.tet       0x200012b4        0x4 ./Core/Src/main.o
                0x200012b4                tet
 .bss.charger_status
                0x200012b8        0x1 ./Core/Src/main.o
                0x200012b8                charger_status
 *fill*         0x200012b9        0x3 
 .bss.RxData2   0x200012bc        0x8 ./Core/Src/main.o
                0x200012bc                RxData2
 .bss.Curr_sensor2
                0x200012c4        0x4 ./Core/Src/main.o
                0x200012c4                Curr_sensor2
 .bss.a         0x200012c8        0x4 ./Core/Src/main.o
                0x200012c8                a
 .bss.Temp_Reg  0x200012cc       0x78 ./Core/Src/main.o
                0x200012cc                Temp_Reg
 .bss.Volt_Reg  0x20001344       0xc0 ./Core/Src/main.o
                0x20001344                Volt_Reg
 .bss.Cell_Bal  0x20001404       0x12 ./Core/Src/main.o
                0x20001404                Cell_Bal
 *fill*         0x20001416        0x2 
 .bss.Volt_Rex  0x20001418       0xc0 ./Core/Src/main.o
                0x20001418                Volt_Rex
 .bss.Temp_Rex  0x200014d8       0xf0 ./Core/Src/main.o
                0x200014d8                Temp_Rex
 .bss.Volt_Transmit
                0x200015c8        0x8 ./Core/Src/main.o
                0x200015c8                Volt_Transmit
 .bss.Temp_Transmit
                0x200015d0        0x8 ./Core/Src/main.o
                0x200015d0                Temp_Transmit
 .bss.Cell_Voltage
                0x200015d8      0x180 ./Core/Src/main.o
                0x200015d8                Cell_Voltage
 .bss.Cell_Temperature
                0x20001758       0x78 ./Core/Src/main.o
                0x20001758                Cell_Temperature
 .bss.Volt_Temp
                0x200017d0        0x8 ./Core/Src/main.o
                0x200017d0                Volt_Temp
 .bss.chg_mode  0x200017d8        0x4 ./Core/Src/main.o
                0x200017d8                chg_mode
 .bss.volt_total
                0x200017dc        0x4 ./Core/Src/main.o
                0x200017dc                volt_total
 .bss.Volt_max  0x200017e0        0x2 ./Core/Src/main.o
                0x200017e0                Volt_max
 .bss.Volt_min  0x200017e2        0x2 ./Core/Src/main.o
                0x200017e2                Volt_min
 .bss.Temp_max  0x200017e4        0x1 ./Core/Src/main.o
                0x200017e4                Temp_max
 .bss.Temp_min  0x200017e5        0x1 ./Core/Src/main.o
                0x200017e5                Temp_min
 *fill*         0x200017e6        0x2 
 .bss.TxData    0x200017e8        0x8 ./Core/Src/main.o
                0x200017e8                TxData
 .bss.Ch_fd     0x200017f0        0x8 ./Core/Src/main.o
                0x200017f0                Ch_fd
 .bss.voltage_fd
                0x200017f8        0x2 ./Core/Src/main.o
                0x200017f8                voltage_fd
 .bss.current_fd
                0x200017fa        0x2 ./Core/Src/main.o
                0x200017fa                current_fd
 .bss.temp_flag
                0x200017fc        0x2 ./Core/Src/main.o
                0x200017fc                temp_flag
 .bss.curr_act  0x200017fe        0x2 ./Core/Src/main.o
                0x200017fe                curr_act
 .bss.tsms      0x20001800        0x2 ./Core/Src/main.o
                0x20001800                tsms
 .bss.err_flag_cntr
                0x20001802        0x2 ./Core/Src/main.o
                0x20001802                err_flag_cntr
 .bss.final_current_soc
                0x20001804        0x4 ./Core/Src/main.o
                0x20001804                final_current_soc
 .bss.current_value
                0x20001808        0x4 ./Core/Src/main.o
                0x20001808                current_value
 .bss.can_current_sens_state
                0x2000180c        0x4 ./Core/Src/main.o
                0x2000180c                can_current_sens_state
 .bss.Error_State
                0x20001810        0x1 ./Core/Src/main.o
                0x20001810                Error_State
 *fill*         0x20001811        0x3 
 .bss.rxHeader  0x20001814       0x1c ./Core/Src/main.o
                0x20001814                rxHeader
 .bss.txHeader  0x20001830       0x18 ./Core/Src/main.o
                0x20001830                txHeader
 .bss.canHealthMonitoringArray
                0x20001848       0x30 ./Core/Src/main.o
                0x20001848                canHealthMonitoringArray
 .bss.slaveCanErrorFlag
                0x20001878        0x1 ./Core/Src/main.o
                0x20001878                slaveCanErrorFlag
 *fill*         0x20001879        0x3 
 .bss.HAL_RCC_CAN1_CLK_ENABLED
                0x2000187c        0x4 ./Core/Src/stm32f4xx_hal_msp.o
 .bss.uwTick    0x20001880        0x4 ./Drivers/STM32F4xx_HAL_Driver/Src/stm32f4xx_hal.o
                0x20001880                uwTick
 *(COMMON)
                0x20001884                        . = ALIGN (0x4)
                0x20001884                        _ebss = .
                0x20001884                        __bss_end__ = _ebss

._user_heap_stack
                0x20001884      0x604
                0x20001888                        . = ALIGN (0x8)
 *fill*         0x20001884        0x4 
                [!provide]                        PROVIDE (end = .)
                0x20001888                        PROVIDE (_end = .)
                0x20001a88                        . = (. + _Min_Heap_Size)
 *fill*         0x20001888      0x200 
                0x20001e88                        . = (. + _Min_Stack_Size)
 *fill*         0x20001a88      0x400 
                0x20001e88                        . = ALIGN (0x8)

/DISCARD/
 libc.a(*)
 libm.a(*)
 libgcc.a(*)

.ARM.attributes
                0x00000000       0x30
 *(.ARM.attributes)
 .ARM.attributes
                0x00000000       0x22 D:/STM32CubeIDE_1.15.1/STM32CubeIDE/plugins/com.st.stm32cube.ide.mcu.externaltools.gnu-tools-for-stm32.12.3.rel1.win32_1.0.100.202403111256/tools/bin/../lib/gcc/arm-none-eabi/12.3.1/thumb/v7e-m+fp/hard/crti.o
 .ARM.attributes
                0x00000022       0x34 D:/STM32CubeIDE_1.15.1/STM32CubeIDE/plugins/com.st.stm32cube.ide.mcu.externaltools.gnu-tools-for-stm32.12.3.rel1.win32_1.0.100.202403111256/tools/bin/../lib/gcc/arm-none-eabi/12.3.1/thumb/v7e-m+fp/hard/crtbegin.o
 .ARM.attributes
                0x00000056       0x34 ./Core/Src/main.o
 .ARM.attributes
                0x0000008a       0x34 ./Core/Src/stm32f4xx_hal_msp.o
 .ARM.attributes
                0x000000be       0x34 ./Core/Src/stm32f4xx_it.o
 .ARM.attributes
                0x000000f2       0x34 ./Core/Src/system_stm32f4xx.o
 .ARM.attributes
                0x00000126       0x21 ./Core/Startup/startup_stm32f429zitx.o
 .ARM.attributes
                0x00000147       0x34 ./Drivers/STM32F4xx_HAL_Driver/Src/stm32f4xx_hal.o
 .ARM.attributes
                0x0000017b       0x34 ./Drivers/STM32F4xx_HAL_Driver/Src/stm32f4xx_hal_adc.o
 .ARM.attributes
                0x000001af       0x34 ./Drivers/STM32F4xx_HAL_Driver/Src/stm32f4xx_hal_can.o
 .ARM.attributes
                0x000001e3       0x34 ./Drivers/STM32F4xx_HAL_Driver/Src/stm32f4xx_hal_cortex.o
 .ARM.attributes
                0x00000217       0x34 ./Drivers/STM32F4xx_HAL_Driver/Src/stm32f4xx_hal_gpio.o
 .ARM.attributes
                0x0000024b       0x34 ./Drivers/STM32F4xx_HAL_Driver/Src/stm32f4xx_hal_rcc.o
 .ARM.attributes
                0x0000027f       0x34 ./Drivers/STM32F4xx_HAL_Driver/Src/stm32f4xx_hal_tim.o
 .ARM.attributes
                0x000002b3       0x34 ./Drivers/STM32F4xx_HAL_Driver/Src/stm32f4xx_hal_tim_ex.o
 .ARM.attributes
                0x000002e7       0x34 ./Drivers/STM32F4xx_HAL_Driver/Src/stm32f4xx_hal_uart.o
 .ARM.attributes
                0x0000031b       0x34 D:/STM32CubeIDE_1.15.1/STM32CubeIDE/plugins/com.st.stm32cube.ide.mcu.externaltools.gnu-tools-for-stm32.12.3.rel1.win32_1.0.100.202403111256/tools/bin/../lib/gcc/arm-none-eabi/12.3.1/../../../../arm-none-eabi/lib/thumb/v7e-m+fp/hard\libc_nano.a(libc_a-memset.o)
 .ARM.attributes
                0x0000034f       0x34 D:/STM32CubeIDE_1.15.1/STM32CubeIDE/plugins/com.st.stm32cube.ide.mcu.externaltools.gnu-tools-for-stm32.12.3.rel1.win32_1.0.100.202403111256/tools/bin/../lib/gcc/arm-none-eabi/12.3.1/../../../../arm-none-eabi/lib/thumb/v7e-m+fp/hard\libc_nano.a(libc_a-init.o)
 .ARM.attributes
                0x00000383       0x22 D:/STM32CubeIDE_1.15.1/STM32CubeIDE/plugins/com.st.stm32cube.ide.mcu.externaltools.gnu-tools-for-stm32.12.3.rel1.win32_1.0.100.202403111256/tools/bin/../lib/gcc/arm-none-eabi/12.3.1/thumb/v7e-m+fp/hard\libgcc.a(_arm_addsubdf3.o)
 .ARM.attributes
                0x000003a5       0x22 D:/STM32CubeIDE_1.15.1/STM32CubeIDE/plugins/com.st.stm32cube.ide.mcu.externaltools.gnu-tools-for-stm32.12.3.rel1.win32_1.0.100.202403111256/tools/bin/../lib/gcc/arm-none-eabi/12.3.1/thumb/v7e-m+fp/hard\libgcc.a(_arm_cmpdf2.o)
 .ARM.attributes
                0x000003c7       0x22 D:/STM32CubeIDE_1.15.1/STM32CubeIDE/plugins/com.st.stm32cube.ide.mcu.externaltools.gnu-tools-for-stm32.12.3.rel1.win32_1.0.100.202403111256/tools/bin/../lib/gcc/arm-none-eabi/12.3.1/thumb/v7e-m+fp/hard\libgcc.a(_arm_addsubsf3.o)
 .ARM.attributes
                0x000003e9       0x22 D:/STM32CubeIDE_1.15.1/STM32CubeIDE/plugins/com.st.stm32cube.ide.mcu.externaltools.gnu-tools-for-stm32.12.3.rel1.win32_1.0.100.202403111256/tools/bin/../lib/gcc/arm-none-eabi/12.3.1/thumb/v7e-m+fp/hard\libgcc.a(_aeabi_uldivmod.o)
 .ARM.attributes
                0x0000040b       0x34 D:/STM32CubeIDE_1.15.1/STM32CubeIDE/plugins/com.st.stm32cube.ide.mcu.externaltools.gnu-tools-for-stm32.12.3.rel1.win32_1.0.100.202403111256/tools/bin/../lib/gcc/arm-none-eabi/12.3.1/thumb/v7e-m+fp/hard\libgcc.a(_udivmoddi4.o)
 .ARM.attributes
                0x0000043f       0x22 D:/STM32CubeIDE_1.15.1/STM32CubeIDE/plugins/com.st.stm32cube.ide.mcu.externaltools.gnu-tools-for-stm32.12.3.rel1.win32_1.0.100.202403111256/tools/bin/../lib/gcc/arm-none-eabi/12.3.1/thumb/v7e-m+fp/hard\libgcc.a(_dvmd_tls.o)
 .ARM.attributes
                0x00000461       0x22 D:/STM32CubeIDE_1.15.1/STM32CubeIDE/plugins/com.st.stm32cube.ide.mcu.externaltools.gnu-tools-for-stm32.12.3.rel1.win32_1.0.100.202403111256/tools/bin/../lib/gcc/arm-none-eabi/12.3.1/thumb/v7e-m+fp/hard/crtn.o
OUTPUT(Master_new25.0.elf elf32-littlearm)
LOAD linker stubs
LOAD D:/STM32CubeIDE_1.15.1/STM32CubeIDE/plugins/com.st.stm32cube.ide.mcu.externaltools.gnu-tools-for-stm32.12.3.rel1.win32_1.0.100.202403111256/tools/bin/../lib/gcc/arm-none-eabi/12.3.1/../../../../arm-none-eabi/lib/thumb/v7e-m+fp/hard\libc.a
LOAD D:/STM32CubeIDE_1.15.1/STM32CubeIDE/plugins/com.st.stm32cube.ide.mcu.externaltools.gnu-tools-for-stm32.12.3.rel1.win32_1.0.100.202403111256/tools/bin/../lib/gcc/arm-none-eabi/12.3.1/../../../../arm-none-eabi/lib/thumb/v7e-m+fp/hard\libm.a
LOAD D:/STM32CubeIDE_1.15.1/STM32CubeIDE/plugins/com.st.stm32cube.ide.mcu.externaltools.gnu-tools-for-stm32.12.3.rel1.win32_1.0.100.202403111256/tools/bin/../lib/gcc/arm-none-eabi/12.3.1/thumb/v7e-m+fp/hard\libgcc.a

.debug_info     0x00000000    0x101f0
 .debug_info    0x00000000     0x28de ./Core/Src/main.o
 .debug_info    0x000028de     0x17bd ./Core/Src/stm32f4xx_hal_msp.o
 .debug_info    0x0000409b      0xb9a ./Core/Src/stm32f4xx_it.o
 .debug_info    0x00004c35      0x52e ./Core/Src/system_stm32f4xx.o
 .debug_info    0x00005163       0x30 ./Core/Startup/startup_stm32f429zitx.o
 .debug_info    0x00005193      0x9be ./Drivers/STM32F4xx_HAL_Driver/Src/stm32f4xx_hal.o
 .debug_info    0x00005b51      0xcd4 ./Drivers/STM32F4xx_HAL_Driver/Src/stm32f4xx_hal_adc.o
 .debug_info    0x00006825      0xefd ./Drivers/STM32F4xx_HAL_Driver/Src/stm32f4xx_hal_can.o
 .debug_info    0x00007722      0xd7c ./Drivers/STM32F4xx_HAL_Driver/Src/stm32f4xx_hal_cortex.o
 .debug_info    0x0000849e      0x6db ./Drivers/STM32F4xx_HAL_Driver/Src/stm32f4xx_hal_gpio.o
 .debug_info    0x00008b79      0x8c9 ./Drivers/STM32F4xx_HAL_Driver/Src/stm32f4xx_hal_rcc.o
 .debug_info    0x00009442     0x2948 ./Drivers/STM32F4xx_HAL_Driver/Src/stm32f4xx_hal_tim.o
 .debug_info    0x0000bd8a     0x14ae ./Drivers/STM32F4xx_HAL_Driver/Src/stm32f4xx_hal_tim_ex.o
 .debug_info    0x0000d238     0x2fb8 ./Drivers/STM32F4xx_HAL_Driver/Src/stm32f4xx_hal_uart.o

.debug_abbrev   0x00000000     0x1f4d
 .debug_abbrev  0x00000000      0x37c ./Core/Src/main.o
 .debug_abbrev  0x0000037c      0x251 ./Core/Src/stm32f4xx_hal_msp.o
 .debug_abbrev  0x000005cd      0x1f6 ./Core/Src/stm32f4xx_it.o
 .debug_abbrev  0x000007c3      0x11a ./Core/Src/system_stm32f4xx.o
 .debug_abbrev  0x000008dd       0x24 ./Core/Startup/startup_stm32f429zitx.o
 .debug_abbrev  0x00000901      0x213 ./Drivers/STM32F4xx_HAL_Driver/Src/stm32f4xx_hal.o
 .debug_abbrev  0x00000b14      0x252 ./Drivers/STM32F4xx_HAL_Driver/Src/stm32f4xx_hal_adc.o
 .debug_abbrev  0x00000d66      0x23b ./Drivers/STM32F4xx_HAL_Driver/Src/stm32f4xx_hal_can.o
 .debug_abbrev  0x00000fa1      0x327 ./Drivers/STM32F4xx_HAL_Driver/Src/stm32f4xx_hal_cortex.o
 .debug_abbrev  0x000012c8      0x1d4 ./Drivers/STM32F4xx_HAL_Driver/Src/stm32f4xx_hal_gpio.o
 .debug_abbrev  0x0000149c      0x2b6 ./Drivers/STM32F4xx_HAL_Driver/Src/stm32f4xx_hal_rcc.o
 .debug_abbrev  0x00001752      0x271 ./Drivers/STM32F4xx_HAL_Driver/Src/stm32f4xx_hal_tim.o
 .debug_abbrev  0x000019c3      0x27c ./Drivers/STM32F4xx_HAL_Driver/Src/stm32f4xx_hal_tim_ex.o
 .debug_abbrev  0x00001c3f      0x30e ./Drivers/STM32F4xx_HAL_Driver/Src/stm32f4xx_hal_uart.o

.debug_aranges  0x00000000      0xeb0
 .debug_aranges
                0x00000000       0xf0 ./Core/Src/main.o
 .debug_aranges
                0x000000f0       0x60 ./Core/Src/stm32f4xx_hal_msp.o
 .debug_aranges
                0x00000150       0xc0 ./Core/Src/stm32f4xx_it.o
 .debug_aranges
                0x00000210       0x28 ./Core/Src/system_stm32f4xx.o
 .debug_aranges
                0x00000238       0x28 ./Core/Startup/startup_stm32f429zitx.o
 .debug_aranges
                0x00000260      0x100 ./Drivers/STM32F4xx_HAL_Driver/Src/stm32f4xx_hal.o
 .debug_aranges
                0x00000360       0xe8 ./Drivers/STM32F4xx_HAL_Driver/Src/stm32f4xx_hal_adc.o
 .debug_aranges
                0x00000448      0x138 ./Drivers/STM32F4xx_HAL_Driver/Src/stm32f4xx_hal_can.o
 .debug_aranges
                0x00000580      0x118 ./Drivers/STM32F4xx_HAL_Driver/Src/stm32f4xx_hal_cortex.o
 .debug_aranges
                0x00000698       0x58 ./Drivers/STM32F4xx_HAL_Driver/Src/stm32f4xx_hal_gpio.o
 .debug_aranges
                0x000006f0       0x88 ./Drivers/STM32F4xx_HAL_Driver/Src/stm32f4xx_hal_rcc.o
 .debug_aranges
                0x00000778      0x3d0 ./Drivers/STM32F4xx_HAL_Driver/Src/stm32f4xx_hal_tim.o
 .debug_aranges
                0x00000b48      0x168 ./Drivers/STM32F4xx_HAL_Driver/Src/stm32f4xx_hal_tim_ex.o
 .debug_aranges
                0x00000cb0      0x200 ./Drivers/STM32F4xx_HAL_Driver/Src/stm32f4xx_hal_uart.o

.debug_rnglists
                0x00000000      0xb8c
 .debug_rnglists
                0x00000000       0xbe ./Core/Src/main.o
 .debug_rnglists
                0x000000be       0x49 ./Core/Src/stm32f4xx_hal_msp.o
 .debug_rnglists
                0x00000107       0x8b ./Core/Src/stm32f4xx_it.o
 .debug_rnglists
                0x00000192       0x1a ./Core/Src/system_stm32f4xx.o
 .debug_rnglists
                0x000001ac       0x19 ./Core/Startup/startup_stm32f429zitx.o
 .debug_rnglists
                0x000001c5       0xbb ./Drivers/STM32F4xx_HAL_Driver/Src/stm32f4xx_hal.o
 .debug_rnglists
                0x00000280       0xb5 ./Drivers/STM32F4xx_HAL_Driver/Src/stm32f4xx_hal_adc.o
 .debug_rnglists
                0x00000335       0xee ./Drivers/STM32F4xx_HAL_Driver/Src/stm32f4xx_hal_can.o
 .debug_rnglists
                0x00000423       0xce ./Drivers/STM32F4xx_HAL_Driver/Src/stm32f4xx_hal_cortex.o
 .debug_rnglists
                0x000004f1       0x3f ./Drivers/STM32F4xx_HAL_Driver/Src/stm32f4xx_hal_gpio.o
 .debug_rnglists
                0x00000530       0x66 ./Drivers/STM32F4xx_HAL_Driver/Src/stm32f4xx_hal_rcc.o
 .debug_rnglists
                0x00000596      0x31a ./Drivers/STM32F4xx_HAL_Driver/Src/stm32f4xx_hal_tim.o
 .debug_rnglists
                0x000008b0      0x125 ./Drivers/STM32F4xx_HAL_Driver/Src/stm32f4xx_hal_tim_ex.o
 .debug_rnglists
                0x000009d5      0x1b7 ./Drivers/STM32F4xx_HAL_Driver/Src/stm32f4xx_hal_uart.o

.debug_macro    0x00000000    0x239bb
 .debug_macro   0x00000000      0x320 ./Core/Src/main.o
 .debug_macro   0x00000320      0x2a7 ./Core/Src/main.o
 .debug_macro   0x000005c7       0x2e ./Core/Src/main.o
 .debug_macro   0x000005f5       0x28 ./Core/Src/main.o
 .debug_macro   0x0000061d       0x8e ./Core/Src/main.o
 .debug_macro   0x000006ab       0x51 ./Core/Src/main.o
 .debug_macro   0x000006fc      0x103 ./Core/Src/main.o
 .debug_macro   0x000007ff       0x6a ./Core/Src/main.o
 .debug_macro   0x00000869      0x1df ./Core/Src/main.o
 .debug_macro   0x00000a48       0x1c ./Core/Src/main.o
 .debug_macro   0x00000a64       0x22 ./Core/Src/main.o
 .debug_macro   0x00000a86       0xd9 ./Core/Src/main.o
 .debug_macro   0x00000b5f     0x102d ./Core/Src/main.o
 .debug_macro   0x00001b8c      0x11f ./Core/Src/main.o
 .debug_macro   0x00001cab    0x17fc0 ./Core/Src/main.o
 .debug_macro   0x00019c6b       0x6d ./Core/Src/main.o
 .debug_macro   0x00019cd8     0x36f5 ./Core/Src/main.o
 .debug_macro   0x0001d3cd       0x5c ./Core/Src/main.o
 .debug_macro   0x0001d429      0xca5 ./Core/Src/main.o
 .debug_macro   0x0001e0ce      0x9fe ./Core/Src/main.o
 .debug_macro   0x0001eacc      0x115 ./Core/Src/main.o
 .debug_macro   0x0001ebe1      0x156 ./Core/Src/main.o
 .debug_macro   0x0001ed37       0xa5 ./Core/Src/main.o
 .debug_macro   0x0001eddc      0x182 ./Core/Src/main.o
 .debug_macro   0x0001ef5e      0x287 ./Core/Src/main.o
 .debug_macro   0x0001f1e5       0x5f ./Core/Src/main.o
 .debug_macro   0x0001f244      0x236 ./Core/Src/main.o
 .debug_macro   0x0001f47a      0xb54 ./Core/Src/main.o
 .debug_macro   0x0001ffce      0x38b ./Core/Src/main.o
 .debug_macro   0x00020359      0x184 ./Core/Src/main.o
 .debug_macro   0x000204dd       0xf9 ./Core/Src/main.o
 .debug_macro   0x000205d6      0x40f ./Core/Src/main.o
 .debug_macro   0x000209e5      0x132 ./Core/Src/main.o
 .debug_macro   0x00020b17      0x41d ./Core/Src/main.o
 .debug_macro   0x00020f34       0x2e ./Core/Src/main.o
 .debug_macro   0x00020f62      0x11a ./Core/Src/main.o
 .debug_macro   0x0002107c       0xe2 ./Core/Src/main.o
 .debug_macro   0x0002115e       0x89 ./Core/Src/main.o
 .debug_macro   0x000211e7      0x8e6 ./Core/Src/main.o
 .debug_macro   0x00021acd       0x47 ./Core/Src/main.o
 .debug_macro   0x00021b14      0x295 ./Core/Src/main.o
 .debug_macro   0x00021da9      0x134 ./Core/Src/main.o
 .debug_macro   0x00021edd       0x28 ./Core/Src/main.o
 .debug_macro   0x00021f05       0x61 ./Core/Src/main.o
 .debug_macro   0x00021f66       0x16 ./Core/Src/main.o
 .debug_macro   0x00021f7c       0x10 ./Core/Src/main.o
 .debug_macro   0x00021f8c       0x16 ./Core/Src/main.o
 .debug_macro   0x00021fa2       0x16 ./Core/Src/main.o
 .debug_macro   0x00021fb8      0x146 ./Core/Src/main.o
 .debug_macro   0x000220fe      0x20f ./Core/Src/stm32f4xx_hal_msp.o
 .debug_macro   0x0002230d      0x219 ./Core/Src/stm32f4xx_it.o
 .debug_macro   0x00022526      0x200 ./Core/Src/system_stm32f4xx.o
 .debug_macro   0x00022726      0x260 ./Drivers/STM32F4xx_HAL_Driver/Src/stm32f4xx_hal.o
 .debug_macro   0x00022986      0x201 ./Drivers/STM32F4xx_HAL_Driver/Src/stm32f4xx_hal_adc.o
 .debug_macro   0x00022b87      0x208 ./Drivers/STM32F4xx_HAL_Driver/Src/stm32f4xx_hal_can.o
 .debug_macro   0x00022d8f      0x200 ./Drivers/STM32F4xx_HAL_Driver/Src/stm32f4xx_hal_cortex.o
 .debug_macro   0x00022f8f      0x206 ./Drivers/STM32F4xx_HAL_Driver/Src/stm32f4xx_hal_gpio.o
 .debug_macro   0x00023195      0x224 ./Drivers/STM32F4xx_HAL_Driver/Src/stm32f4xx_hal_rcc.o
 .debug_macro   0x000233b9      0x201 ./Drivers/STM32F4xx_HAL_Driver/Src/stm32f4xx_hal_tim.o
 .debug_macro   0x000235ba      0x200 ./Drivers/STM32F4xx_HAL_Driver/Src/stm32f4xx_hal_tim_ex.o
 .debug_macro   0x000237ba      0x201 ./Drivers/STM32F4xx_HAL_Driver/Src/stm32f4xx_hal_uart.o

.debug_line     0x00000000    0x108b9
 .debug_line    0x00000000     0x17c7 ./Core/Src/main.o
 .debug_line    0x000017c7      0x9f3 ./Core/Src/stm32f4xx_hal_msp.o
 .debug_line    0x000021ba      0x983 ./Core/Src/stm32f4xx_it.o
 .debug_line    0x00002b3d      0x825 ./Core/Src/system_stm32f4xx.o
 .debug_line    0x00003362       0x7a ./Core/Startup/startup_stm32f429zitx.o
 .debug_line    0x000033dc      0xac4 ./Drivers/STM32F4xx_HAL_Driver/Src/stm32f4xx_hal.o
 .debug_line    0x00003ea0     0x130c ./Drivers/STM32F4xx_HAL_Driver/Src/stm32f4xx_hal_adc.o
 .debug_line    0x000051ac     0x1235 ./Drivers/STM32F4xx_HAL_Driver/Src/stm32f4xx_hal_can.o
 .debug_line    0x000063e1      0xd3b ./Drivers/STM32F4xx_HAL_Driver/Src/stm32f4xx_hal_cortex.o
 .debug_line    0x0000711c      0xc42 ./Drivers/STM32F4xx_HAL_Driver/Src/stm32f4xx_hal_gpio.o
 .debug_line    0x00007d5e      0xdff ./Drivers/STM32F4xx_HAL_Driver/Src/stm32f4xx_hal_rcc.o
 .debug_line    0x00008b5d     0x3792 ./Drivers/STM32F4xx_HAL_Driver/Src/stm32f4xx_hal_tim.o
 .debug_line    0x0000c2ef     0x1a85 ./Drivers/STM32F4xx_HAL_Driver/Src/stm32f4xx_hal_tim_ex.o
 .debug_line    0x0000dd74     0x2b45 ./Drivers/STM32F4xx_HAL_Driver/Src/stm32f4xx_hal_uart.o

.debug_str      0x00000000    0xe8f4b
 .debug_str     0x00000000    0xe5ab1 ./Core/Src/main.o
                              0xe5eac (size before relaxing)
 .debug_str     0x000e5ab1      0x683 ./Core/Src/stm32f4xx_hal_msp.o
                              0xe1fef (size before relaxing)
 .debug_str     0x000e6134      0x1d1 ./Core/Src/stm32f4xx_it.o
                              0xe1697 (size before relaxing)
 .debug_str     0x000e6305       0xdb ./Core/Src/system_stm32f4xx.o
                              0xe0e79 (size before relaxing)
 .debug_str     0x000e63e0       0x44 ./Core/Startup/startup_stm32f429zitx.o
                                 0x6f (size before relaxing)
 .debug_str     0x000e6424      0x652 ./Drivers/STM32F4xx_HAL_Driver/Src/stm32f4xx_hal.o
                              0xe1a9c (size before relaxing)
 .debug_str     0x000e6a76      0x285 ./Drivers/STM32F4xx_HAL_Driver/Src/stm32f4xx_hal_adc.o
                              0xe1453 (size before relaxing)
 .debug_str     0x000e6cfb      0x3b9 ./Drivers/STM32F4xx_HAL_Driver/Src/stm32f4xx_hal_can.o
                              0xe1552 (size before relaxing)
 .debug_str     0x000e70b4      0x326 ./Drivers/STM32F4xx_HAL_Driver/Src/stm32f4xx_hal_cortex.o
                              0xe1781 (size before relaxing)
 .debug_str     0x000e73da       0xf8 ./Drivers/STM32F4xx_HAL_Driver/Src/stm32f4xx_hal_gpio.o
                              0xe0ff4 (size before relaxing)
 .debug_str     0x000e74d2      0x233 ./Drivers/STM32F4xx_HAL_Driver/Src/stm32f4xx_hal_rcc.o
                              0xe12ad (size before relaxing)
 .debug_str     0x000e7705      0xdb1 ./Drivers/STM32F4xx_HAL_Driver/Src/stm32f4xx_hal_tim.o
                              0xe21e0 (size before relaxing)
 .debug_str     0x000e84b6      0x493 ./Drivers/STM32F4xx_HAL_Driver/Src/stm32f4xx_hal_tim_ex.o
                              0xe19fc (size before relaxing)
 .debug_str     0x000e8949      0x602 ./Drivers/STM32F4xx_HAL_Driver/Src/stm32f4xx_hal_uart.o
                              0xe1839 (size before relaxing)

.comment        0x00000000       0x43
 .comment       0x00000000       0x43 ./Core/Src/main.o
                                 0x44 (size before relaxing)
 .comment       0x00000043       0x44 ./Core/Src/stm32f4xx_hal_msp.o
 .comment       0x00000043       0x44 ./Core/Src/stm32f4xx_it.o
 .comment       0x00000043       0x44 ./Core/Src/system_stm32f4xx.o
 .comment       0x00000043       0x44 ./Drivers/STM32F4xx_HAL_Driver/Src/stm32f4xx_hal.o
 .comment       0x00000043       0x44 ./Drivers/STM32F4xx_HAL_Driver/Src/stm32f4xx_hal_adc.o
 .comment       0x00000043       0x44 ./Drivers/STM32F4xx_HAL_Driver/Src/stm32f4xx_hal_can.o
 .comment       0x00000043       0x44 ./Drivers/STM32F4xx_HAL_Driver/Src/stm32f4xx_hal_cortex.o
 .comment       0x00000043       0x44 ./Drivers/STM32F4xx_HAL_Driver/Src/stm32f4xx_hal_gpio.o
 .comment       0x00000043       0x44 ./Drivers/STM32F4xx_HAL_Driver/Src/stm32f4xx_hal_rcc.o
 .comment       0x00000043       0x44 ./Drivers/STM32F4xx_HAL_Driver/Src/stm32f4xx_hal_tim.o
 .comment       0x00000043       0x44 ./Drivers/STM32F4xx_HAL_Driver/Src/stm32f4xx_hal_tim_ex.o
 .comment       0x00000043       0x44 ./Drivers/STM32F4xx_HAL_Driver/Src/stm32f4xx_hal_uart.o

.debug_frame    0x00000000     0x409c
 .debug_frame   0x00000000      0x3e0 ./Core/Src/main.o
 .debug_frame   0x000003e0      0x158 ./Core/Src/stm32f4xx_hal_msp.o
 .debug_frame   0x00000538      0x254 ./Core/Src/stm32f4xx_it.o
 .debug_frame   0x0000078c       0x58 ./Core/Src/system_stm32f4xx.o
 .debug_frame   0x000007e4      0x3b4 ./Drivers/STM32F4xx_HAL_Driver/Src/stm32f4xx_hal.o
 .debug_frame   0x00000b98      0x3fc ./Drivers/STM32F4xx_HAL_Driver/Src/stm32f4xx_hal_adc.o
 .debug_frame   0x00000f94      0x5a0 ./Drivers/STM32F4xx_HAL_Driver/Src/stm32f4xx_hal_can.o
 .debug_frame   0x00001534      0x498 ./Drivers/STM32F4xx_HAL_Driver/Src/stm32f4xx_hal_cortex.o
 .debug_frame   0x000019cc      0x14c ./Drivers/STM32F4xx_HAL_Driver/Src/stm32f4xx_hal_gpio.o
 .debug_frame   0x00001b18      0x1f4 ./Drivers/STM32F4xx_HAL_Driver/Src/stm32f4xx_hal_rcc.o
 .debug_frame   0x00001d0c     0x11c4 ./Drivers/STM32F4xx_HAL_Driver/Src/stm32f4xx_hal_tim.o
 .debug_frame   0x00002ed0      0x638 ./Drivers/STM32F4xx_HAL_Driver/Src/stm32f4xx_hal_tim_ex.o
 .debug_frame   0x00003508      0x92c ./Drivers/STM32F4xx_HAL_Driver/Src/stm32f4xx_hal_uart.o
 .debug_frame   0x00003e34       0x20 D:/STM32CubeIDE_1.15.1/STM32CubeIDE/plugins/com.st.stm32cube.ide.mcu.externaltools.gnu-tools-for-stm32.12.3.rel1.win32_1.0.100.202403111256/tools/bin/../lib/gcc/arm-none-eabi/12.3.1/../../../../arm-none-eabi/lib/thumb/v7e-m+fp/hard\libc_nano.a(libc_a-memset.o)
 .debug_frame   0x00003e54       0x2c D:/STM32CubeIDE_1.15.1/STM32CubeIDE/plugins/com.st.stm32cube.ide.mcu.externaltools.gnu-tools-for-stm32.12.3.rel1.win32_1.0.100.202403111256/tools/bin/../lib/gcc/arm-none-eabi/12.3.1/../../../../arm-none-eabi/lib/thumb/v7e-m+fp/hard\libc_nano.a(libc_a-init.o)
 .debug_frame   0x00003e80       0xac D:/STM32CubeIDE_1.15.1/STM32CubeIDE/plugins/com.st.stm32cube.ide.mcu.externaltools.gnu-tools-for-stm32.12.3.rel1.win32_1.0.100.202403111256/tools/bin/../lib/gcc/arm-none-eabi/12.3.1/thumb/v7e-m+fp/hard\libgcc.a(_arm_addsubdf3.o)
 .debug_frame   0x00003f2c       0xc4 D:/STM32CubeIDE_1.15.1/STM32CubeIDE/plugins/com.st.stm32cube.ide.mcu.externaltools.gnu-tools-for-stm32.12.3.rel1.win32_1.0.100.202403111256/tools/bin/../lib/gcc/arm-none-eabi/12.3.1/thumb/v7e-m+fp/hard\libgcc.a(_arm_cmpdf2.o)
 .debug_frame   0x00003ff0       0x4c D:/STM32CubeIDE_1.15.1/STM32CubeIDE/plugins/com.st.stm32cube.ide.mcu.externaltools.gnu-tools-for-stm32.12.3.rel1.win32_1.0.100.202403111256/tools/bin/../lib/gcc/arm-none-eabi/12.3.1/thumb/v7e-m+fp/hard\libgcc.a(_arm_addsubsf3.o)
 .debug_frame   0x0000403c       0x2c D:/STM32CubeIDE_1.15.1/STM32CubeIDE/plugins/com.st.stm32cube.ide.mcu.externaltools.gnu-tools-for-stm32.12.3.rel1.win32_1.0.100.202403111256/tools/bin/../lib/gcc/arm-none-eabi/12.3.1/thumb/v7e-m+fp/hard\libgcc.a(_aeabi_uldivmod.o)
 .debug_frame   0x00004068       0x34 D:/STM32CubeIDE_1.15.1/STM32CubeIDE/plugins/com.st.stm32cube.ide.mcu.externaltools.gnu-tools-for-stm32.12.3.rel1.win32_1.0.100.202403111256/tools/bin/../lib/gcc/arm-none-eabi/12.3.1/thumb/v7e-m+fp/hard\libgcc.a(_udivmoddi4.o)

.debug_line_str
                0x00000000       0x53
 .debug_line_str
                0x00000000       0x53 ./Core/Startup/startup_stm32f429zitx.o
